# FND-005 command log

stage: worktree-pre-commit
commit: 2b0fb2dc16b2532310b4748045a8be6f9970bbb9
started: 2026-08-03T13:32:46+02:00

command: cargo test --workspace
  cwd: /home/xupremix/Projects/incin
  stage: worktree-pre-commit
  commit: 2b0fb2dc16b2532310b4748045a8be6f9970bbb9
  start: 2026-08-03T13:32:46+02:00
  end: 2026-08-03T13:33:37+02:00
  exit: 0
  output: audit-evidence/FND-005/test-results/test-workspace.txt

command: cargo test --doc --workspace
  cwd: /home/xupremix/Projects/incin
  stage: worktree-pre-commit
  commit: 2b0fb2dc16b2532310b4748045a8be6f9970bbb9
  start: 2026-08-03T13:33:37+02:00
  end: 2026-08-03T13:33:56+02:00
  exit: 0
  output: audit-evidence/FND-005/test-results/test-doc.txt

command: cargo test -p incin-backends --features cpu --test canonical_cpu
  cwd: /home/xupremix/Projects/incin
  stage: worktree-pre-commit
  commit: 2b0fb2dc16b2532310b4748045a8be6f9970bbb9
  start: 2026-08-03T13:33:56+02:00
  end: 2026-08-03T13:33:57+02:00
  exit: 0
  output: audit-evidence/FND-005/test-results/test-canonical-cpu.txt

command: cargo test -p incin-backends --features cpu --test cpu_migration_status
  cwd: /home/xupremix/Projects/incin
  stage: worktree-pre-commit
  commit: 2b0fb2dc16b2532310b4748045a8be6f9970bbb9
  start: 2026-08-03T13:33:57+02:00
  end: 2026-08-03T13:33:57+02:00
  exit: 0
  output: audit-evidence/FND-005/test-results/test-cpu-migration-status.txt

command: cargo test -p incin-backends --features cpu --test capability_matrix
  cwd: /home/xupremix/Projects/incin
  stage: worktree-pre-commit
  commit: 2b0fb2dc16b2532310b4748045a8be6f9970bbb9
  start: 2026-08-03T13:33:57+02:00
  end: 2026-08-03T13:33:58+02:00
  exit: 0
  output: audit-evidence/FND-005/test-results/test-capability-matrix.txt

command: cargo test -p incin-backends --test generated_docs
  cwd: /home/xupremix/Projects/incin
  stage: worktree-pre-commit
  commit: 2b0fb2dc16b2532310b4748045a8be6f9970bbb9
  start: 2026-08-03T13:33:58+02:00
  end: 2026-08-03T13:33:59+02:00
  exit: 0
  output: audit-evidence/FND-005/test-results/test-generated-docs.txt

command: cargo test -p incin-core
  cwd: /home/xupremix/Projects/incin
  stage: worktree-pre-commit
  commit: 2b0fb2dc16b2532310b4748045a8be6f9970bbb9
  start: 2026-08-03T13:33:59+02:00
  end: 2026-08-03T13:34:42+02:00
  exit: 0
  output: audit-evidence/FND-005/test-results/test-core.txt

command: cargo test -p incin-backends --features cpu
  cwd: /home/xupremix/Projects/incin
  stage: worktree-pre-commit
  commit: 2b0fb2dc16b2532310b4748045a8be6f9970bbb9
  start: 2026-08-03T13:34:42+02:00
  end: 2026-08-03T13:34:46+02:00
  exit: 0
  output: audit-evidence/FND-005/test-results/test-backends-cpu.txt

command: cargo test -p incin
  cwd: /home/xupremix/Projects/incin
  stage: worktree-pre-commit
  commit: 2b0fb2dc16b2532310b4748045a8be6f9970bbb9
  start: 2026-08-03T13:34:46+02:00
  end: 2026-08-03T13:35:13+02:00
  exit: 0
  output: audit-evidence/FND-005/test-results/test-incin.txt

command: cargo clippy --workspace --all-targets -- -D warnings
  cwd: /home/xupremix/Projects/incin
  stage: worktree-pre-commit
  commit: 2b0fb2dc16b2532310b4748045a8be6f9970bbb9
  start: 2026-08-03T13:35:13+02:00
  end: 2026-08-03T13:35:14+02:00
  exit: 0
  output: audit-evidence/FND-005/test-results/clippy.txt

command: cargo fmt --all -- --check
  cwd: /home/xupremix/Projects/incin
  stage: worktree-pre-commit
  commit: 2b0fb2dc16b2532310b4748045a8be6f9970bbb9
  start: 2026-08-03T13:35:14+02:00
  end: 2026-08-03T13:35:15+02:00
  exit: 1
  output: audit-evidence/FND-005/test-results/fmt-workspace.txt

command: cargo public-api -p incin
  cwd: /home/xupremix/Projects/incin
  stage: worktree-pre-commit
  commit: 2b0fb2dc16b2532310b4748045a8be6f9970bbb9
  start: 2026-08-03T13:35:15+02:00
  end: 2026-08-03T13:35:18+02:00
  exit: 0
  output: audit-evidence/FND-005/test-results/public-api.txt

command: cargo check -p incin-core --no-default-features
  cwd: /home/xupremix/Projects/incin
  stage: worktree-pre-commit
  commit: 2b0fb2dc16b2532310b4748045a8be6f9970bbb9
  start: 2026-08-03T13:35:18+02:00
  end: 2026-08-03T13:35:18+02:00
  exit: 0
  output: audit-evidence/FND-005/test-results/check-core-nodefault.txt

command: cargo check -p incin-core --no-default-features --features std
  cwd: /home/xupremix/Projects/incin
  stage: worktree-pre-commit
  commit: 2b0fb2dc16b2532310b4748045a8be6f9970bbb9
  start: 2026-08-03T13:35:18+02:00
  end: 2026-08-03T13:35:18+02:00
  exit: 0
  output: audit-evidence/FND-005/test-results/check-core-std.txt

command: cargo check -p incin --no-default-features
  cwd: /home/xupremix/Projects/incin
  stage: worktree-pre-commit
  commit: 2b0fb2dc16b2532310b4748045a8be6f9970bbb9
  start: 2026-08-03T13:35:18+02:00
  end: 2026-08-03T13:35:19+02:00
  exit: 0
  output: audit-evidence/FND-005/test-results/check-incin-nodefault.txt

command: cargo check -p incin --no-default-features --features std
  cwd: /home/xupremix/Projects/incin
  stage: worktree-pre-commit
  commit: 2b0fb2dc16b2532310b4748045a8be6f9970bbb9
  start: 2026-08-03T13:35:19+02:00
  end: 2026-08-03T13:35:19+02:00
  exit: 0
  output: audit-evidence/FND-005/test-results/check-incin-std.txt

command: cargo check -p incin --no-default-features --features cpu
  cwd: /home/xupremix/Projects/incin
  stage: worktree-pre-commit
  commit: 2b0fb2dc16b2532310b4748045a8be6f9970bbb9
  start: 2026-08-03T13:35:19+02:00
  end: 2026-08-03T13:35:20+02:00
  exit: 0
  output: audit-evidence/FND-005/test-results/check-incin-cpu.txt

command: cargo check --workspace
  cwd: /home/xupremix/Projects/incin
  stage: worktree-pre-commit
  commit: 2b0fb2dc16b2532310b4748045a8be6f9970bbb9
  start: 2026-08-03T13:35:20+02:00
  end: 2026-08-03T13:35:22+02:00
  exit: 0
  output: audit-evidence/FND-005/test-results/check-workspace.txt

command: cargo check -p incin-backends --no-default-features --features cuda
  cwd: /home/xupremix/Projects/incin
  stage: worktree-pre-commit
  commit: 2b0fb2dc16b2532310b4748045a8be6f9970bbb9
  start: 2026-08-03T13:35:22+02:00
  end: 2026-08-03T13:35:22+02:00
  exit: 0
  output: audit-evidence/FND-005/test-results/check-backend-cuda.txt

command: cargo check -p incin-backends --no-default-features --features wgpu
  cwd: /home/xupremix/Projects/incin
  stage: worktree-pre-commit
  commit: 2b0fb2dc16b2532310b4748045a8be6f9970bbb9
  start: 2026-08-03T13:35:22+02:00
  end: 2026-08-03T13:35:23+02:00
  exit: 0
  output: audit-evidence/FND-005/test-results/check-backend-wgpu.txt

command: cargo check -p incin-backends --no-default-features --features metal
  cwd: /home/xupremix/Projects/incin
  stage: worktree-pre-commit
  commit: 2b0fb2dc16b2532310b4748045a8be6f9970bbb9
  start: 2026-08-03T13:35:23+02:00
  end: 2026-08-03T13:35:23+02:00
  exit: 0
  output: audit-evidence/FND-005/test-results/check-backend-metal.txt

command: cargo check -p incin-backends --no-default-features --features external-candle
  cwd: /home/xupremix/Projects/incin
  stage: worktree-pre-commit
  commit: 2b0fb2dc16b2532310b4748045a8be6f9970bbb9
  start: 2026-08-03T13:35:23+02:00
  end: 2026-08-03T13:35:24+02:00
  exit: 0
  output: audit-evidence/FND-005/test-results/check-backend-candle.txt

command: RUSTDOCFLAGS='-D warnings' cargo doc --workspace --no-deps
  cwd: /home/xupremix/Projects/incin
  stage: worktree-pre-commit
  commit: 2b0fb2dc16b2532310b4748045a8be6f9970bbb9
  exit: 0
  output: audit-evidence/FND-005/test-results/rustdoc.txt

# FND-005 command log

stage: worktree-pre-commit
commit: 2b0fb2dc16b2532310b4748045a8be6f9970bbb9
started: 2026-08-03T13:42:05+02:00

command: cargo test --workspace
  cwd: /home/xupremix/Projects/incin
  stage: worktree-pre-commit
  commit: 2b0fb2dc16b2532310b4748045a8be6f9970bbb9
  start: 2026-08-03T13:42:05+02:00
  end: 2026-08-03T13:43:53+02:00
  exit: 0
  output: audit-evidence/FND-005/test-results/test-workspace.txt

command: cargo test --doc --workspace
  cwd: /home/xupremix/Projects/incin
  stage: worktree-pre-commit
  commit: 2b0fb2dc16b2532310b4748045a8be6f9970bbb9
  start: 2026-08-03T13:43:53+02:00
  end: 2026-08-03T13:44:14+02:00
  exit: 0
  output: audit-evidence/FND-005/test-results/test-doc.txt

command: cargo test -p incin-backends --features cpu --test canonical_cpu
  cwd: /home/xupremix/Projects/incin
  stage: worktree-pre-commit
  commit: 2b0fb2dc16b2532310b4748045a8be6f9970bbb9
  start: 2026-08-03T13:44:14+02:00
  end: 2026-08-03T13:44:16+02:00
  exit: 0
  output: audit-evidence/FND-005/test-results/test-canonical-cpu.txt

command: cargo test -p incin-backends --features cpu --test cpu_migration_status
  cwd: /home/xupremix/Projects/incin
  stage: worktree-pre-commit
  commit: 2b0fb2dc16b2532310b4748045a8be6f9970bbb9
  start: 2026-08-03T13:44:16+02:00
  end: 2026-08-03T13:44:16+02:00
  exit: 0
  output: audit-evidence/FND-005/test-results/test-cpu-migration-status.txt

command: cargo test -p incin-backends --features cpu --test capability_matrix
  cwd: /home/xupremix/Projects/incin
  stage: worktree-pre-commit
  commit: 2b0fb2dc16b2532310b4748045a8be6f9970bbb9
  start: 2026-08-03T13:44:16+02:00
  end: 2026-08-03T13:44:17+02:00
  exit: 0
  output: audit-evidence/FND-005/test-results/test-capability-matrix.txt

command: cargo test -p incin-backends --test generated_docs
  cwd: /home/xupremix/Projects/incin
  stage: worktree-pre-commit
  commit: 2b0fb2dc16b2532310b4748045a8be6f9970bbb9
  start: 2026-08-03T13:44:17+02:00
  end: 2026-08-03T13:44:17+02:00
  exit: 0
  output: audit-evidence/FND-005/test-results/test-generated-docs.txt

command: cargo test -p incin-core
  cwd: /home/xupremix/Projects/incin
  stage: worktree-pre-commit
  commit: 2b0fb2dc16b2532310b4748045a8be6f9970bbb9
  start: 2026-08-03T13:44:17+02:00
  end: 2026-08-03T13:45:00+02:00
  exit: 0
  output: audit-evidence/FND-005/test-results/test-core.txt

command: cargo test -p incin-backends --features cpu
  cwd: /home/xupremix/Projects/incin
  stage: worktree-pre-commit
  commit: 2b0fb2dc16b2532310b4748045a8be6f9970bbb9
  start: 2026-08-03T13:45:00+02:00
  end: 2026-08-03T13:45:03+02:00
  exit: 0
  output: audit-evidence/FND-005/test-results/test-backends-cpu.txt

command: cargo test -p incin
  cwd: /home/xupremix/Projects/incin
  stage: worktree-pre-commit
  commit: 2b0fb2dc16b2532310b4748045a8be6f9970bbb9
  start: 2026-08-03T13:45:03+02:00
  end: 2026-08-03T13:45:22+02:00
  exit: 0
  output: audit-evidence/FND-005/test-results/test-incin.txt

command: cargo clippy --workspace --all-targets -- -D warnings
  cwd: /home/xupremix/Projects/incin
  stage: worktree-pre-commit
  commit: 2b0fb2dc16b2532310b4748045a8be6f9970bbb9
  start: 2026-08-03T13:45:22+02:00
  end: 2026-08-03T13:45:32+02:00
  exit: 0
  output: audit-evidence/FND-005/test-results/clippy.txt

command: cargo fmt --all -- --check
  cwd: /home/xupremix/Projects/incin
  stage: worktree-pre-commit
  commit: 2b0fb2dc16b2532310b4748045a8be6f9970bbb9
  start: 2026-08-03T13:45:32+02:00
  end: 2026-08-03T13:45:33+02:00
  exit: 1
  output: audit-evidence/FND-005/test-results/fmt-workspace.txt

command: cargo public-api -p incin
  cwd: /home/xupremix/Projects/incin
  stage: worktree-pre-commit
  commit: 2b0fb2dc16b2532310b4748045a8be6f9970bbb9
  start: 2026-08-03T13:45:33+02:00
  end: 2026-08-03T13:45:36+02:00
  exit: 0
  output: audit-evidence/FND-005/test-results/public-api.txt

command: cargo check -p incin-core --no-default-features
  cwd: /home/xupremix/Projects/incin
  stage: worktree-pre-commit
  commit: 2b0fb2dc16b2532310b4748045a8be6f9970bbb9
  start: 2026-08-03T13:45:36+02:00
  end: 2026-08-03T13:45:36+02:00
  exit: 0
  output: audit-evidence/FND-005/test-results/check-core-nodefault.txt

command: cargo check -p incin-core --no-default-features --features std
  cwd: /home/xupremix/Projects/incin
  stage: worktree-pre-commit
  commit: 2b0fb2dc16b2532310b4748045a8be6f9970bbb9
  start: 2026-08-03T13:45:36+02:00
  end: 2026-08-03T13:45:37+02:00
  exit: 0
  output: audit-evidence/FND-005/test-results/check-core-std.txt

command: cargo check -p incin --no-default-features
  cwd: /home/xupremix/Projects/incin
  stage: worktree-pre-commit
  commit: 2b0fb2dc16b2532310b4748045a8be6f9970bbb9
  start: 2026-08-03T13:45:37+02:00
  end: 2026-08-03T13:45:37+02:00
  exit: 0
  output: audit-evidence/FND-005/test-results/check-incin-nodefault.txt

command: cargo check -p incin --no-default-features --features std
  cwd: /home/xupremix/Projects/incin
  stage: worktree-pre-commit
  commit: 2b0fb2dc16b2532310b4748045a8be6f9970bbb9
  start: 2026-08-03T13:45:37+02:00
  end: 2026-08-03T13:45:37+02:00
  exit: 0
  output: audit-evidence/FND-005/test-results/check-incin-std.txt

command: cargo check -p incin --no-default-features --features cpu
  cwd: /home/xupremix/Projects/incin
  stage: worktree-pre-commit
  commit: 2b0fb2dc16b2532310b4748045a8be6f9970bbb9
  start: 2026-08-03T13:45:37+02:00
  end: 2026-08-03T13:45:38+02:00
  exit: 0
  output: audit-evidence/FND-005/test-results/check-incin-cpu.txt

command: cargo check --workspace
  cwd: /home/xupremix/Projects/incin
  stage: worktree-pre-commit
  commit: 2b0fb2dc16b2532310b4748045a8be6f9970bbb9
  start: 2026-08-03T13:45:38+02:00
  end: 2026-08-03T13:45:39+02:00
  exit: 0
  output: audit-evidence/FND-005/test-results/check-workspace.txt

command: cargo check -p incin-backends --no-default-features --features cuda
  cwd: /home/xupremix/Projects/incin
  stage: worktree-pre-commit
  commit: 2b0fb2dc16b2532310b4748045a8be6f9970bbb9
  start: 2026-08-03T13:45:39+02:00
  end: 2026-08-03T13:45:40+02:00
  exit: 0
  output: audit-evidence/FND-005/test-results/check-backend-cuda.txt

command: cargo check -p incin-backends --no-default-features --features wgpu
  cwd: /home/xupremix/Projects/incin
  stage: worktree-pre-commit
  commit: 2b0fb2dc16b2532310b4748045a8be6f9970bbb9
  start: 2026-08-03T13:45:40+02:00
  end: 2026-08-03T13:45:40+02:00
  exit: 0
  output: audit-evidence/FND-005/test-results/check-backend-wgpu.txt

command: cargo check -p incin-backends --no-default-features --features metal
  cwd: /home/xupremix/Projects/incin
  stage: worktree-pre-commit
  commit: 2b0fb2dc16b2532310b4748045a8be6f9970bbb9
  start: 2026-08-03T13:45:40+02:00
  end: 2026-08-03T13:45:40+02:00
  exit: 0
  output: audit-evidence/FND-005/test-results/check-backend-metal.txt

command: cargo check -p incin-backends --no-default-features --features external-candle
  cwd: /home/xupremix/Projects/incin
  stage: worktree-pre-commit
  commit: 2b0fb2dc16b2532310b4748045a8be6f9970bbb9
  start: 2026-08-03T13:45:40+02:00
  end: 2026-08-03T13:45:40+02:00
  exit: 0
  output: audit-evidence/FND-005/test-results/check-backend-candle.txt

command: RUSTDOCFLAGS='-D warnings' cargo doc --workspace --no-deps
  cwd: /home/xupremix/Projects/incin
  stage: worktree-pre-commit
  commit: 2b0fb2dc16b2532310b4748045a8be6f9970bbb9
  exit: 0
  output: audit-evidence/FND-005/test-results/rustdoc.txt

# FND-005 command log

stage: committed
commit: e2a5119aa3c595512c6452be4234cf15c3c100d6
started: 2026-08-03T13:48:14+02:00

command: cargo test --workspace
  cwd: /home/xupremix/Projects/incin
  stage: committed
  commit: e2a5119aa3c595512c6452be4234cf15c3c100d6
  start: 2026-08-03T13:48:14+02:00
  end: 2026-08-03T13:49:07+02:00
  exit: 0
  output: audit-evidence/FND-005/test-results/test-workspace-committed.txt

command: cargo test --doc --workspace
  cwd: /home/xupremix/Projects/incin
  stage: committed
  commit: e2a5119aa3c595512c6452be4234cf15c3c100d6
  start: 2026-08-03T13:49:07+02:00
  end: 2026-08-03T13:49:25+02:00
  exit: 0
  output: audit-evidence/FND-005/test-results/test-doc-committed.txt

command: cargo test -p incin-backends --features cpu --test canonical_cpu
  cwd: /home/xupremix/Projects/incin
  stage: committed
  commit: e2a5119aa3c595512c6452be4234cf15c3c100d6
  start: 2026-08-03T13:49:25+02:00
  end: 2026-08-03T13:49:25+02:00
  exit: 0
  output: audit-evidence/FND-005/test-results/test-canonical-cpu-committed.txt

command: cargo test -p incin-backends --features cpu --test cpu_migration_status
  cwd: /home/xupremix/Projects/incin
  stage: committed
  commit: e2a5119aa3c595512c6452be4234cf15c3c100d6
  start: 2026-08-03T13:49:25+02:00
  end: 2026-08-03T13:49:26+02:00
  exit: 0
  output: audit-evidence/FND-005/test-results/test-cpu-migration-status-committed.txt

command: cargo test -p incin-backends --features cpu --test capability_matrix
  cwd: /home/xupremix/Projects/incin
  stage: committed
  commit: e2a5119aa3c595512c6452be4234cf15c3c100d6
  start: 2026-08-03T13:49:26+02:00
  end: 2026-08-03T13:49:26+02:00
  exit: 0
  output: audit-evidence/FND-005/test-results/test-capability-matrix-committed.txt

command: cargo test -p incin-backends --test generated_docs
  cwd: /home/xupremix/Projects/incin
  stage: committed
  commit: e2a5119aa3c595512c6452be4234cf15c3c100d6
  start: 2026-08-03T13:49:26+02:00
  end: 2026-08-03T13:49:26+02:00
  exit: 0
  output: audit-evidence/FND-005/test-results/test-generated-docs-committed.txt

command: cargo test -p incin-core
  cwd: /home/xupremix/Projects/incin
  stage: committed
  commit: e2a5119aa3c595512c6452be4234cf15c3c100d6
  start: 2026-08-03T13:49:26+02:00
  end: 2026-08-03T13:49:49+02:00
  exit: 0
  output: audit-evidence/FND-005/test-results/test-core-committed.txt

command: cargo test -p incin-backends --features cpu
  cwd: /home/xupremix/Projects/incin
  stage: committed
  commit: e2a5119aa3c595512c6452be4234cf15c3c100d6
  start: 2026-08-03T13:49:49+02:00
  end: 2026-08-03T13:49:50+02:00
  exit: 0
  output: audit-evidence/FND-005/test-results/test-backends-cpu-committed.txt

command: cargo test -p incin
  cwd: /home/xupremix/Projects/incin
  stage: committed
  commit: e2a5119aa3c595512c6452be4234cf15c3c100d6
  start: 2026-08-03T13:49:50+02:00
  end: 2026-08-03T13:49:54+02:00
  exit: 0
  output: audit-evidence/FND-005/test-results/test-incin-committed.txt

command: cargo clippy --workspace --all-targets -- -D warnings
  cwd: /home/xupremix/Projects/incin
  stage: committed
  commit: e2a5119aa3c595512c6452be4234cf15c3c100d6
  start: 2026-08-03T13:49:54+02:00
  end: 2026-08-03T13:49:55+02:00
  exit: 0
  output: audit-evidence/FND-005/test-results/clippy-committed.txt

command: cargo fmt --all -- --check
  cwd: /home/xupremix/Projects/incin
  stage: committed
  commit: e2a5119aa3c595512c6452be4234cf15c3c100d6
  start: 2026-08-03T13:49:55+02:00
  end: 2026-08-03T13:49:56+02:00
  exit: 1
  output: audit-evidence/FND-005/test-results/fmt-workspace-committed.txt

command: cargo public-api -p incin
  cwd: /home/xupremix/Projects/incin
  stage: committed
  commit: e2a5119aa3c595512c6452be4234cf15c3c100d6
  start: 2026-08-03T13:49:56+02:00
  end: 2026-08-03T13:49:58+02:00
  exit: 0
  output: audit-evidence/FND-005/test-results/public-api-committed.txt

command: cargo check -p incin-core --no-default-features
  cwd: /home/xupremix/Projects/incin
  stage: committed
  commit: e2a5119aa3c595512c6452be4234cf15c3c100d6
  start: 2026-08-03T13:49:58+02:00
  end: 2026-08-03T13:49:58+02:00
  exit: 0
  output: audit-evidence/FND-005/test-results/check-core-nodefault-committed.txt

command: cargo check -p incin-core --no-default-features --features std
  cwd: /home/xupremix/Projects/incin
  stage: committed
  commit: e2a5119aa3c595512c6452be4234cf15c3c100d6
  start: 2026-08-03T13:49:58+02:00
  end: 2026-08-03T13:49:59+02:00
  exit: 0
  output: audit-evidence/FND-005/test-results/check-core-std-committed.txt

command: cargo check -p incin --no-default-features
  cwd: /home/xupremix/Projects/incin
  stage: committed
  commit: e2a5119aa3c595512c6452be4234cf15c3c100d6
  start: 2026-08-03T13:49:59+02:00
  end: 2026-08-03T13:49:59+02:00
  exit: 0
  output: audit-evidence/FND-005/test-results/check-incin-nodefault-committed.txt

command: cargo check -p incin --no-default-features --features std
  cwd: /home/xupremix/Projects/incin
  stage: committed
  commit: e2a5119aa3c595512c6452be4234cf15c3c100d6
  start: 2026-08-03T13:49:59+02:00
  end: 2026-08-03T13:49:59+02:00
  exit: 0
  output: audit-evidence/FND-005/test-results/check-incin-std-committed.txt

command: cargo check -p incin --no-default-features --features cpu
  cwd: /home/xupremix/Projects/incin
  stage: committed
  commit: e2a5119aa3c595512c6452be4234cf15c3c100d6
  start: 2026-08-03T13:49:59+02:00
  end: 2026-08-03T13:49:59+02:00
  exit: 0
  output: audit-evidence/FND-005/test-results/check-incin-cpu-committed.txt

command: cargo check --workspace
  cwd: /home/xupremix/Projects/incin
  stage: committed
  commit: e2a5119aa3c595512c6452be4234cf15c3c100d6
  start: 2026-08-03T13:49:59+02:00
  end: 2026-08-03T13:50:00+02:00
  exit: 0
  output: audit-evidence/FND-005/test-results/check-workspace-committed.txt

command: cargo check -p incin-backends --no-default-features --features cuda
  cwd: /home/xupremix/Projects/incin
  stage: committed
  commit: e2a5119aa3c595512c6452be4234cf15c3c100d6
  start: 2026-08-03T13:50:00+02:00
  end: 2026-08-03T13:50:00+02:00
  exit: 0
  output: audit-evidence/FND-005/test-results/check-backend-cuda-committed.txt

command: cargo check -p incin-backends --no-default-features --features wgpu
  cwd: /home/xupremix/Projects/incin
  stage: committed
  commit: e2a5119aa3c595512c6452be4234cf15c3c100d6
  start: 2026-08-03T13:50:00+02:00
  end: 2026-08-03T13:50:00+02:00
  exit: 0
  output: audit-evidence/FND-005/test-results/check-backend-wgpu-committed.txt

command: cargo check -p incin-backends --no-default-features --features metal
  cwd: /home/xupremix/Projects/incin
  stage: committed
  commit: e2a5119aa3c595512c6452be4234cf15c3c100d6
  start: 2026-08-03T13:50:00+02:00
  end: 2026-08-03T13:50:00+02:00
  exit: 0
  output: audit-evidence/FND-005/test-results/check-backend-metal-committed.txt

command: cargo check -p incin-backends --no-default-features --features external-candle
  cwd: /home/xupremix/Projects/incin
  stage: committed
  commit: e2a5119aa3c595512c6452be4234cf15c3c100d6
  start: 2026-08-03T13:50:00+02:00
  end: 2026-08-03T13:50:00+02:00
  exit: 0
  output: audit-evidence/FND-005/test-results/check-backend-candle-committed.txt

command: RUSTDOCFLAGS='-D warnings' cargo doc --workspace --no-deps
  cwd: /home/xupremix/Projects/incin
  stage: committed
  commit: e2a5119aa3c595512c6452be4234cf15c3c100d6
  exit: 0
  output: audit-evidence/FND-005/test-results/rustdoc-committed.txt


# Continued migration session

stage: worktree-post-commit
commit: 3aac80832185b312200da126c9061a124cdf7ca9
started: 2026-08-03T22:19:12+02:00

command: cargo test --workspace
  cwd: /home/xupremix/Projects/incin
  stage: worktree-post-commit
  commit: 3aac80832185b312200da126c9061a124cdf7ca9
  at: 2026-08-03T22:19:12+02:00
  exit: 0
  output: audit-evidence/FND-005/test-results/test-workspace.txt

command: cargo clippy --workspace --all-targets -- -D warnings
  cwd: /home/xupremix/Projects/incin
  stage: worktree-post-commit
  commit: 3aac80832185b312200da126c9061a124cdf7ca9
  at: 2026-08-03T22:19:12+02:00
  exit: 0
  output: audit-evidence/FND-005/test-results/clippy-workspace.txt

command: cargo public-api -p incin
  cwd: /home/xupremix/Projects/incin
  stage: worktree-post-commit
  commit: 3aac80832185b312200da126c9061a124cdf7ca9
  at: 2026-08-03T22:19:12+02:00
  exit: 0
  output: audit-evidence/FND-005/test-results/public-api.txt

command: cargo check -p incin-backends --features cuda
  cwd: /home/xupremix/Projects/incin
  stage: worktree-post-commit
  commit: 3aac80832185b312200da126c9061a124cdf7ca9
  at: 2026-08-03T22:19:12+02:00
  exit: 0
  output: audit-evidence/FND-005/test-results/check-backend-cuda.txt

command: cargo check -p incin-backends --features wgpu
  cwd: /home/xupremix/Projects/incin
  stage: worktree-post-commit
  commit: 3aac80832185b312200da126c9061a124cdf7ca9
  at: 2026-08-03T22:19:12+02:00
  exit: 0
  output: audit-evidence/FND-005/test-results/check-backend-wgpu.txt

command: cargo check -p incin-backends --features metal
  cwd: /home/xupremix/Projects/incin
  stage: worktree-post-commit
  commit: 3aac80832185b312200da126c9061a124cdf7ca9
  at: 2026-08-03T22:19:12+02:00
  exit: 0
  output: audit-evidence/FND-005/test-results/check-backend-metal.txt

command: cargo check -p incin-backends --no-default-features --features external-candle
  cwd: /home/xupremix/Projects/incin
  stage: worktree-post-commit
  commit: 3aac80832185b312200da126c9061a124cdf7ca9
  at: 2026-08-03T22:19:12+02:00
  exit: 0
  output: audit-evidence/FND-005/test-results/check-backend-candle.txt

command: INCIN_DOCS=overwrite cargo test -p incin-backends --test cpu_migration_status
  cwd: /home/xupremix/Projects/incin
  stage: worktree-post-commit
  commit: 3aac80832185b312200da126c9061a124cdf7ca9
  at: 2026-08-03T22:19:12+02:00
  exit: 0
  output: not captured; regeneration is asserted by the suite above

command: INCIN_DOCS=overwrite cargo test --workspace --test generated_docs
  cwd: /home/xupremix/Projects/incin
  stage: worktree-post-commit
  commit: 3aac80832185b312200da126c9061a124cdf7ca9
  at: 2026-08-03T22:19:12+02:00
  exit: 0
  output: not captured; regeneration is asserted by the suite above
