COMMAND: git rev-parse HEAD && git status --short && git log -5 --oneline --decorate
WORKING DIRECTORY: /home/xupremix/Projects/incin
FEATURES/ENVIRONMENT: RUSTFLAGS=<unset> RUSTDOCFLAGS=<unset> TRYBUILD=<unset> INCIN_DOCS=<unset>
START: 2026-08-03T05:13:16+02:00
COMMIT: e906a5b4a9128788b7122d621c53734bee55774d
FULL OUTPUT: audit-evidence/FND-002/test-results/initial-state.txt
END: 2026-08-03T05:13:16+02:00
EXIT CODE: 0

COMMAND: graphify query "For FND-002, where are public tuple structs, invariant-bearing checked sizes, identifiers, buffer slots, proof tokens, runtime device selectors, deserialization implementations, and allocation arithmetic across the Incin workspace?"
WORKING DIRECTORY: /home/xupremix/Projects/incin
FEATURES/ENVIRONMENT: RUSTFLAGS=<unset> RUSTDOCFLAGS=<unset> TRYBUILD=<unset> INCIN_DOCS=<unset>
START: 2026-08-03T05:13:16+02:00
COMMIT: e906a5b4a9128788b7122d621c53734bee55774d
FULL OUTPUT: audit-evidence/FND-002/test-results/graphify-query.txt
END: 2026-08-03T05:13:17+02:00
EXIT CODE: 0

COMMAND: rg -nUP 'pub struct\s+[A-Za-z_][A-Za-z0-9_]*(?:<[^;{]*>)?\s*\([^;]*\);' crates --glob '*.rs'
WORKING DIRECTORY: /home/xupremix/Projects/incin
FEATURES/ENVIRONMENT: RUSTFLAGS=<unset> RUSTDOCFLAGS=<unset> TRYBUILD=<unset> INCIN_DOCS=<unset>
START: 2026-08-03T05:13:17+02:00
COMMIT: e906a5b4a9128788b7122d621c53734bee55774d
FULL OUTPUT: audit-evidence/FND-002/test-results/public-tuple-audit.txt
END: 2026-08-03T05:13:17+02:00
EXIT CODE: 0

COMMAND: rg -n '\.product::<usize>\(\)|\.product\(\)| as usize| as u32|unwrap\(\)' crates/incin-core/src crates/incin-backends/src crates/incin-data/src --glob '*.rs'
WORKING DIRECTORY: /home/xupremix/Projects/incin
FEATURES/ENVIRONMENT: RUSTFLAGS=<unset> RUSTDOCFLAGS=<unset> TRYBUILD=<unset> INCIN_DOCS=<unset>
START: 2026-08-03T05:13:17+02:00
COMMIT: e906a5b4a9128788b7122d621c53734bee55774d
FULL OUTPUT: audit-evidence/FND-002/test-results/unchecked-products.txt
END: 2026-08-03T05:13:17+02:00
EXIT CODE: 0

COMMAND: cargo fmt --all -- --check
WORKING DIRECTORY: /home/xupremix/Projects/incin
FEATURES/ENVIRONMENT: RUSTFLAGS=<unset> RUSTDOCFLAGS=<unset> TRYBUILD=<unset> INCIN_DOCS=<unset>
START: 2026-08-03T06:08:19+02:00
COMMIT: e906a5b4a9128788b7122d621c53734bee55774d
FULL OUTPUT: audit-evidence/FND-002/test-results/fmt-workspace.txt
END: 2026-08-03T06:08:20+02:00
EXIT CODE: 1

COMMAND: git diff --name-only -- '*.rs' | xargs rustfmt --edition 2024 --check --config skip_children=true
WORKING DIRECTORY: /home/xupremix/Projects/incin
FEATURES/ENVIRONMENT: RUSTFLAGS=<unset> RUSTDOCFLAGS=<unset> TRYBUILD=<unset> INCIN_DOCS=<unset>
START: 2026-08-03T06:08:20+02:00
COMMIT: e906a5b4a9128788b7122d621c53734bee55774d
FULL OUTPUT: audit-evidence/FND-002/test-results/fmt-focused.txt
END: 2026-08-03T06:08:20+02:00
EXIT CODE: 0

COMMAND: git diff --check
WORKING DIRECTORY: /home/xupremix/Projects/incin
FEATURES/ENVIRONMENT: RUSTFLAGS=<unset> RUSTDOCFLAGS=<unset> TRYBUILD=<unset> INCIN_DOCS=<unset>
START: 2026-08-03T06:08:20+02:00
COMMIT: e906a5b4a9128788b7122d621c53734bee55774d
FULL OUTPUT: audit-evidence/FND-002/test-results/diff-check.txt
END: 2026-08-03T06:08:20+02:00
EXIT CODE: 0

COMMAND: cargo metadata --no-deps --format-version 1
WORKING DIRECTORY: /home/xupremix/Projects/incin
FEATURES/ENVIRONMENT: RUSTFLAGS=<unset> RUSTDOCFLAGS=<unset> TRYBUILD=<unset> INCIN_DOCS=<unset>
START: 2026-08-03T06:08:20+02:00
COMMIT: e906a5b4a9128788b7122d621c53734bee55774d
FULL OUTPUT: audit-evidence/FND-002/test-results/feature-metadata.txt
END: 2026-08-03T06:08:20+02:00
EXIT CODE: 0

COMMAND: cargo check -p incin-core --no-default-features
WORKING DIRECTORY: /home/xupremix/Projects/incin
FEATURES/ENVIRONMENT: RUSTFLAGS=<unset> RUSTDOCFLAGS=<unset> TRYBUILD=<unset> INCIN_DOCS=<unset>
START: 2026-08-03T06:08:20+02:00
COMMIT: e906a5b4a9128788b7122d621c53734bee55774d
FULL OUTPUT: audit-evidence/FND-002/test-results/check-core-no-default.txt
END: 2026-08-03T06:08:23+02:00
EXIT CODE: 0

COMMAND: cargo check -p incin-core --no-default-features --features std
WORKING DIRECTORY: /home/xupremix/Projects/incin
FEATURES/ENVIRONMENT: RUSTFLAGS=<unset> RUSTDOCFLAGS=<unset> TRYBUILD=<unset> INCIN_DOCS=<unset>
START: 2026-08-03T06:08:23+02:00
COMMIT: e906a5b4a9128788b7122d621c53734bee55774d
FULL OUTPUT: audit-evidence/FND-002/test-results/check-core-std.txt
END: 2026-08-03T06:08:27+02:00
EXIT CODE: 0

COMMAND: cargo check -p incin --no-default-features
WORKING DIRECTORY: /home/xupremix/Projects/incin
FEATURES/ENVIRONMENT: RUSTFLAGS=<unset> RUSTDOCFLAGS=<unset> TRYBUILD=<unset> INCIN_DOCS=<unset>
START: 2026-08-03T06:08:27+02:00
COMMIT: e906a5b4a9128788b7122d621c53734bee55774d
FULL OUTPUT: audit-evidence/FND-002/test-results/check-incin-no-default.txt
END: 2026-08-03T06:08:31+02:00
EXIT CODE: 0

COMMAND: cargo check -p incin --no-default-features --features std
WORKING DIRECTORY: /home/xupremix/Projects/incin
FEATURES/ENVIRONMENT: RUSTFLAGS=<unset> RUSTDOCFLAGS=<unset> TRYBUILD=<unset> INCIN_DOCS=<unset>
START: 2026-08-03T06:08:31+02:00
COMMIT: e906a5b4a9128788b7122d621c53734bee55774d
FULL OUTPUT: audit-evidence/FND-002/test-results/check-incin-std.txt
END: 2026-08-03T06:08:35+02:00
EXIT CODE: 0

COMMAND: cargo check -p incin --features cpu
WORKING DIRECTORY: /home/xupremix/Projects/incin
FEATURES/ENVIRONMENT: RUSTFLAGS=<unset> RUSTDOCFLAGS=<unset> TRYBUILD=<unset> INCIN_DOCS=<unset>
START: 2026-08-03T06:08:35+02:00
COMMIT: e906a5b4a9128788b7122d621c53734bee55774d
FULL OUTPUT: audit-evidence/FND-002/test-results/check-incin-cpu.txt
END: 2026-08-03T06:08:36+02:00
EXIT CODE: 0

COMMAND: cargo check -p incin-backends --features cpu
WORKING DIRECTORY: /home/xupremix/Projects/incin
FEATURES/ENVIRONMENT: RUSTFLAGS=<unset> RUSTDOCFLAGS=<unset> TRYBUILD=<unset> INCIN_DOCS=<unset>
START: 2026-08-03T06:08:36+02:00
COMMIT: e906a5b4a9128788b7122d621c53734bee55774d
FULL OUTPUT: audit-evidence/FND-002/test-results/check-backends-cpu.txt
END: 2026-08-03T06:08:39+02:00
EXIT CODE: 0

COMMAND: cargo check -p incin-backends --features wgpu
WORKING DIRECTORY: /home/xupremix/Projects/incin
FEATURES/ENVIRONMENT: RUSTFLAGS=<unset> RUSTDOCFLAGS=<unset> TRYBUILD=<unset> INCIN_DOCS=<unset>
START: 2026-08-03T06:08:39+02:00
COMMIT: e906a5b4a9128788b7122d621c53734bee55774d
FULL OUTPUT: audit-evidence/FND-002/test-results/check-backends-wgpu.txt
END: 2026-08-03T06:08:42+02:00
EXIT CODE: 0

COMMAND: cargo check -p incin-backends --features metal
WORKING DIRECTORY: /home/xupremix/Projects/incin
FEATURES/ENVIRONMENT: RUSTFLAGS=<unset> RUSTDOCFLAGS=<unset> TRYBUILD=<unset> INCIN_DOCS=<unset>
START: 2026-08-03T06:08:42+02:00
COMMIT: e906a5b4a9128788b7122d621c53734bee55774d
FULL OUTPUT: audit-evidence/FND-002/test-results/check-backends-metal.txt
END: 2026-08-03T06:08:46+02:00
EXIT CODE: 0

COMMAND: cargo check -p incin-backends --features cuda
WORKING DIRECTORY: /home/xupremix/Projects/incin
FEATURES/ENVIRONMENT: RUSTFLAGS=<unset> RUSTDOCFLAGS=<unset> TRYBUILD=<unset> INCIN_DOCS=<unset>
START: 2026-08-03T06:08:46+02:00
COMMIT: e906a5b4a9128788b7122d621c53734bee55774d
FULL OUTPUT: audit-evidence/FND-002/test-results/check-backends-cuda.txt
END: 2026-08-03T06:08:49+02:00
EXIT CODE: 0

COMMAND: cargo check -p incin-backends --features external-candle
WORKING DIRECTORY: /home/xupremix/Projects/incin
FEATURES/ENVIRONMENT: RUSTFLAGS=<unset> RUSTDOCFLAGS=<unset> TRYBUILD=<unset> INCIN_DOCS=<unset>
START: 2026-08-03T06:08:49+02:00
COMMIT: e906a5b4a9128788b7122d621c53734bee55774d
FULL OUTPUT: audit-evidence/FND-002/test-results/check-backends-external-candle.txt
END: 2026-08-03T06:08:53+02:00
EXIT CODE: 0

COMMAND: cargo clippy --workspace --all-targets -- -D warnings
WORKING DIRECTORY: /home/xupremix/Projects/incin
FEATURES/ENVIRONMENT: RUSTFLAGS=<unset> RUSTDOCFLAGS=<unset> TRYBUILD=<unset> INCIN_DOCS=<unset>
START: 2026-08-03T06:09:02+02:00
COMMIT: e906a5b4a9128788b7122d621c53734bee55774d
FULL OUTPUT: audit-evidence/FND-002/test-results/clippy-workspace.txt
END: 2026-08-03T06:09:12+02:00
EXIT CODE: 101

COMMAND: cargo test -p incin-core
WORKING DIRECTORY: /home/xupremix/Projects/incin
FEATURES/ENVIRONMENT: RUSTFLAGS=<unset> RUSTDOCFLAGS=<unset> TRYBUILD=<unset> INCIN_DOCS=<unset>
START: 2026-08-03T06:09:12+02:00
COMMIT: e906a5b4a9128788b7122d621c53734bee55774d
FULL OUTPUT: audit-evidence/FND-002/test-results/test-incin-core.txt
END: 2026-08-03T06:09:46+02:00
EXIT CODE: 101

COMMAND: cargo test -p incin-core --test compiled_alloc --features compiled
WORKING DIRECTORY: /home/xupremix/Projects/incin
FEATURES/ENVIRONMENT: RUSTFLAGS=<unset> RUSTDOCFLAGS=<unset> TRYBUILD=<unset> INCIN_DOCS=<unset>
START: 2026-08-03T06:09:46+02:00
COMMIT: e906a5b4a9128788b7122d621c53734bee55774d
FULL OUTPUT: audit-evidence/FND-002/test-results/test-compiled-alloc.txt
END: 2026-08-03T06:09:50+02:00
EXIT CODE: 0

COMMAND: cargo test -p incin-core --test compile_tests
WORKING DIRECTORY: /home/xupremix/Projects/incin
FEATURES/ENVIRONMENT: RUSTFLAGS=<unset> RUSTDOCFLAGS=<unset> TRYBUILD=<unset> INCIN_DOCS=<unset>
START: 2026-08-03T06:09:50+02:00
COMMIT: e906a5b4a9128788b7122d621c53734bee55774d
FULL OUTPUT: audit-evidence/FND-002/test-results/test-compile-contracts.txt
END: 2026-08-03T06:10:00+02:00
EXIT CODE: 0

COMMAND: cargo test -p incin-backends --features cpu
WORKING DIRECTORY: /home/xupremix/Projects/incin
FEATURES/ENVIRONMENT: RUSTFLAGS=<unset> RUSTDOCFLAGS=<unset> TRYBUILD=<unset> INCIN_DOCS=<unset>
START: 2026-08-03T06:10:00+02:00
COMMIT: e906a5b4a9128788b7122d621c53734bee55774d
FULL OUTPUT: audit-evidence/FND-002/test-results/test-incin-backends-cpu.txt
END: 2026-08-03T06:10:09+02:00
EXIT CODE: 101

COMMAND: cargo test -p incin-backends --test tuning_cache --features autotune
WORKING DIRECTORY: /home/xupremix/Projects/incin
FEATURES/ENVIRONMENT: RUSTFLAGS=<unset> RUSTDOCFLAGS=<unset> TRYBUILD=<unset> INCIN_DOCS=<unset>
START: 2026-08-03T06:10:09+02:00
COMMIT: e906a5b4a9128788b7122d621c53734bee55774d
FULL OUTPUT: audit-evidence/FND-002/test-results/test-tuning-cache.txt
END: 2026-08-03T06:10:25+02:00
EXIT CODE: 0

COMMAND: cargo test -p incin-data --lib
WORKING DIRECTORY: /home/xupremix/Projects/incin
FEATURES/ENVIRONMENT: RUSTFLAGS=<unset> RUSTDOCFLAGS=<unset> TRYBUILD=<unset> INCIN_DOCS=<unset>
START: 2026-08-03T06:10:25+02:00
COMMIT: e906a5b4a9128788b7122d621c53734bee55774d
FULL OUTPUT: audit-evidence/FND-002/test-results/test-incin-data.txt
END: 2026-08-03T06:10:29+02:00
EXIT CODE: 0

COMMAND: cargo test -p incin
WORKING DIRECTORY: /home/xupremix/Projects/incin
FEATURES/ENVIRONMENT: RUSTFLAGS=<unset> RUSTDOCFLAGS=<unset> TRYBUILD=<unset> INCIN_DOCS=<unset>
START: 2026-08-03T06:10:29+02:00
COMMIT: e906a5b4a9128788b7122d621c53734bee55774d
FULL OUTPUT: audit-evidence/FND-002/test-results/test-incin.txt
END: 2026-08-03T06:11:34+02:00
EXIT CODE: 0

COMMAND: cargo test -p incin-core --test shape_buf
WORKING DIRECTORY: /home/xupremix/Projects/incin
FEATURES/ENVIRONMENT: RUSTFLAGS=<unset> RUSTDOCFLAGS=<unset> TRYBUILD=<unset> INCIN_DOCS=<unset>
START: 2026-08-03T06:13:43+02:00
COMMIT: e906a5b4a9128788b7122d621c53734bee55774d
FULL OUTPUT: audit-evidence/FND-002/test-results/test-shape-buf-rerun.txt
END: 2026-08-03T06:13:44+02:00
EXIT CODE: 0

COMMAND: cargo test -p incin-backends --features cpu
WORKING DIRECTORY: /home/xupremix/Projects/incin
FEATURES/ENVIRONMENT: RUSTFLAGS=<unset> RUSTDOCFLAGS=<unset> TRYBUILD=<unset> INCIN_DOCS=<unset>
START: 2026-08-03T06:13:44+02:00
COMMIT: e906a5b4a9128788b7122d621c53734bee55774d
FULL OUTPUT: audit-evidence/FND-002/test-results/test-incin-backends-cpu-rerun.txt
END: 2026-08-03T06:13:47+02:00
EXIT CODE: 0

COMMAND: cargo clippy --workspace --all-targets --exclude incin-cuda-kernels -- -D warnings
WORKING DIRECTORY: /home/xupremix/Projects/incin
FEATURES/ENVIRONMENT: RUSTFLAGS=<unset> RUSTDOCFLAGS=<unset> TRYBUILD=<unset> INCIN_DOCS=<unset>
START: 2026-08-03T06:13:47+02:00
COMMIT: e906a5b4a9128788b7122d621c53734bee55774d
FULL OUTPUT: audit-evidence/FND-002/test-results/clippy-workspace-rerun.txt
END: 2026-08-03T06:13:56+02:00
EXIT CODE: 101

COMMAND: cargo clippy --workspace --all-targets --exclude incin-cuda-kernels -- -D warnings
WORKING DIRECTORY: /home/xupremix/Projects/incin
FEATURES/ENVIRONMENT: RUSTFLAGS=<unset> RUSTDOCFLAGS=<unset> TRYBUILD=<unset> INCIN_DOCS=<unset>
START: 2026-08-03T06:14:10+02:00
COMMIT: e906a5b4a9128788b7122d621c53734bee55774d
FULL OUTPUT: audit-evidence/FND-002/test-results/clippy-workspace-rerun-2.txt
END: 2026-08-03T06:14:18+02:00
EXIT CODE: 101

COMMAND: cargo clippy --workspace --all-targets --exclude incin-cuda-kernels -- -D warnings
WORKING DIRECTORY: /home/xupremix/Projects/incin
FEATURES/ENVIRONMENT: RUSTFLAGS=<unset> RUSTDOCFLAGS=<unset> TRYBUILD=<unset> INCIN_DOCS=<unset>
START: 2026-08-03T06:14:28+02:00
COMMIT: e906a5b4a9128788b7122d621c53734bee55774d
FULL OUTPUT: audit-evidence/FND-002/test-results/clippy-workspace-rerun-3.txt
END: 2026-08-03T06:14:40+02:00
EXIT CODE: 0

COMMAND: cargo clippy --workspace --all-targets -- -D warnings
WORKING DIRECTORY: /home/xupremix/Projects/incin
FEATURES/ENVIRONMENT: RUSTFLAGS=<unset> RUSTDOCFLAGS=<unset> TRYBUILD=<unset> INCIN_DOCS=<unset>
START: 2026-08-03T06:14:52+02:00
COMMIT: e906a5b4a9128788b7122d621c53734bee55774d
FULL OUTPUT: audit-evidence/FND-002/test-results/clippy-workspace-exact.txt
END: 2026-08-03T06:14:52+02:00
EXIT CODE: 0

COMMAND: cargo test -p incin-core
WORKING DIRECTORY: /home/xupremix/Projects/incin
FEATURES/ENVIRONMENT: RUSTFLAGS=<unset> RUSTDOCFLAGS=<unset> TRYBUILD=<unset> INCIN_DOCS=<unset>
START: 2026-08-03T06:14:52+02:00
COMMIT: e906a5b4a9128788b7122d621c53734bee55774d
FULL OUTPUT: audit-evidence/FND-002/test-results/test-incin-core-rerun.txt
END: 2026-08-03T06:14:58+02:00
EXIT CODE: 101

COMMAND: cargo test -p incin-core
WORKING DIRECTORY: /home/xupremix/Projects/incin
FEATURES/ENVIRONMENT: RUSTFLAGS=<unset> RUSTDOCFLAGS=<unset> TRYBUILD=<unset> INCIN_DOCS=<unset>
START: 2026-08-03T06:15:17+02:00
COMMIT: e906a5b4a9128788b7122d621c53734bee55774d
FULL OUTPUT: audit-evidence/FND-002/test-results/test-incin-core-rerun-2.txt
END: 2026-08-03T06:15:58+02:00
EXIT CODE: 0

COMMAND: cargo test --workspace
WORKING DIRECTORY: /home/xupremix/Projects/incin
FEATURES/ENVIRONMENT: RUSTFLAGS=<unset> RUSTDOCFLAGS=<unset> TRYBUILD=<unset> INCIN_DOCS=<unset>
START: 2026-08-03T06:15:58+02:00
COMMIT: e906a5b4a9128788b7122d621c53734bee55774d
FULL OUTPUT: audit-evidence/FND-002/test-results/test-workspace.txt
END: 2026-08-03T06:18:31+02:00
EXIT CODE: 0

COMMAND: cargo test --doc --workspace
WORKING DIRECTORY: /home/xupremix/Projects/incin
FEATURES/ENVIRONMENT: RUSTFLAGS=<unset> RUSTDOCFLAGS=<unset> TRYBUILD=<unset> INCIN_DOCS=<unset>
START: 2026-08-03T06:18:37+02:00
COMMIT: e906a5b4a9128788b7122d621c53734bee55774d
FULL OUTPUT: audit-evidence/FND-002/test-results/test-doc-workspace.txt
END: 2026-08-03T06:19:02+02:00
EXIT CODE: 0

COMMAND: env RUSTDOCFLAGS=-Dwarnings cargo doc --workspace --no-deps
WORKING DIRECTORY: /home/xupremix/Projects/incin
FEATURES/ENVIRONMENT: RUSTFLAGS=<unset> RUSTDOCFLAGS=<unset> TRYBUILD=<unset> INCIN_DOCS=<unset>
START: 2026-08-03T06:19:02+02:00
COMMIT: e906a5b4a9128788b7122d621c53734bee55774d
FULL OUTPUT: audit-evidence/FND-002/test-results/doc-workspace-warnings.txt
END: 2026-08-03T06:19:16+02:00
EXIT CODE: 0

COMMAND: cargo test --doc -p incin-core --features compiled
WORKING DIRECTORY: /home/xupremix/Projects/incin
FEATURES/ENVIRONMENT: RUSTFLAGS=<unset> RUSTDOCFLAGS=<unset> TRYBUILD=<unset> INCIN_DOCS=<unset>
START: 2026-08-03T06:19:16+02:00
COMMIT: e906a5b4a9128788b7122d621c53734bee55774d
FULL OUTPUT: audit-evidence/FND-002/test-results/test-compiled-doc.txt
END: 2026-08-03T06:19:29+02:00
EXIT CODE: 0

COMMAND: rg -n '^pub (struct|enum) [A-Za-z0-9_]+\s*\(' --glob '*.rs' crates
WORKING DIRECTORY: /home/xupremix/Projects/incin
FEATURES/ENVIRONMENT: RUSTFLAGS=<unset> RUSTDOCFLAGS=<unset> TRYBUILD=<unset> INCIN_DOCS=<unset>
START: 2026-08-03T06:20:16+02:00
COMMIT: e906a5b4a9128788b7122d621c53734bee55774d
FULL OUTPUT: audit-evidence/FND-002/test-results/public-tuple-audit-after.txt
END: 2026-08-03T06:20:16+02:00
EXIT CODE: 0

COMMAND: rg -n '\.iter\(\)\.product|\.product::<' --glob '*.rs' crates
WORKING DIRECTORY: /home/xupremix/Projects/incin
FEATURES/ENVIRONMENT: RUSTFLAGS=<unset> RUSTDOCFLAGS=<unset> TRYBUILD=<unset> INCIN_DOCS=<unset>
START: 2026-08-03T06:20:16+02:00
COMMIT: e906a5b4a9128788b7122d621c53734bee55774d
FULL OUTPUT: audit-evidence/FND-002/test-results/unchecked-products-after.txt
END: 2026-08-03T06:20:16+02:00
EXIT CODE: 0

COMMAND: graphify update .
WORKING DIRECTORY: /home/xupremix/Projects/incin
FEATURES/ENVIRONMENT: RUSTFLAGS=<unset> RUSTDOCFLAGS=<unset> TRYBUILD=<unset> INCIN_DOCS=<unset>
START: 2026-08-03T06:20:16+02:00
COMMIT: e906a5b4a9128788b7122d621c53734bee55774d
FULL OUTPUT: audit-evidence/FND-002/test-results/graphify-update.txt
END: 2026-08-03T06:20:30+02:00
EXIT CODE: 0

COMMAND: git diff --name-only -- '*.rs' | xargs rustfmt --edition 2024 --check --config skip_children=true
WORKING DIRECTORY: /home/xupremix/Projects/incin
FEATURES/ENVIRONMENT: RUSTFLAGS=<unset> RUSTDOCFLAGS=<unset> TRYBUILD=<unset> INCIN_DOCS=<unset>
START: 2026-08-03T06:20:52+02:00
COMMIT: e906a5b4a9128788b7122d621c53734bee55774d
FULL OUTPUT: audit-evidence/FND-002/test-results/fmt-focused-final.txt
END: 2026-08-03T06:20:52+02:00
EXIT CODE: 0

COMMAND: git diff --check
WORKING DIRECTORY: /home/xupremix/Projects/incin
FEATURES/ENVIRONMENT: RUSTFLAGS=<unset> RUSTDOCFLAGS=<unset> TRYBUILD=<unset> INCIN_DOCS=<unset>
START: 2026-08-03T06:20:52+02:00
COMMIT: e906a5b4a9128788b7122d621c53734bee55774d
FULL OUTPUT: audit-evidence/FND-002/test-results/diff-check-final.txt
END: 2026-08-03T06:20:52+02:00
EXIT CODE: 0

COMMAND: cargo test -p incin-core
WORKING DIRECTORY: /home/xupremix/Projects/incin
FEATURES/ENVIRONMENT: RUSTFLAGS=<unset> RUSTDOCFLAGS=<unset> TRYBUILD=<unset> INCIN_DOCS=<unset>
START: 2026-08-03T06:22:55+02:00
COMMIT: e906a5b4a9128788b7122d621c53734bee55774d
FULL OUTPUT: audit-evidence/FND-002/test-results/test-incin-core-final.txt
END: 2026-08-03T06:23:35+02:00
EXIT CODE: 0

COMMAND: cargo clippy --workspace --all-targets -- -D warnings
WORKING DIRECTORY: /home/xupremix/Projects/incin
FEATURES/ENVIRONMENT: RUSTFLAGS=<unset> RUSTDOCFLAGS=<unset> TRYBUILD=<unset> INCIN_DOCS=<unset>
START: 2026-08-03T06:23:35+02:00
COMMIT: e906a5b4a9128788b7122d621c53734bee55774d
FULL OUTPUT: audit-evidence/FND-002/test-results/clippy-workspace-final.txt
END: 2026-08-03T06:23:47+02:00
EXIT CODE: 0

COMMAND: cargo test --workspace
WORKING DIRECTORY: /home/xupremix/Projects/incin
FEATURES/ENVIRONMENT: RUSTFLAGS=<unset> RUSTDOCFLAGS=<unset> TRYBUILD=<unset> INCIN_DOCS=<unset>
START: 2026-08-03T06:23:47+02:00
COMMIT: e906a5b4a9128788b7122d621c53734bee55774d
FULL OUTPUT: audit-evidence/FND-002/test-results/test-workspace-final.txt
END: 2026-08-03T06:26:12+02:00
EXIT CODE: 0

COMMAND: graphify update .
WORKING DIRECTORY: /home/xupremix/Projects/incin
FEATURES/ENVIRONMENT: RUSTFLAGS=<unset> RUSTDOCFLAGS=<unset> TRYBUILD=<unset> INCIN_DOCS=<unset>
START: 2026-08-03T06:26:20+02:00
COMMIT: e906a5b4a9128788b7122d621c53734bee55774d
FULL OUTPUT: audit-evidence/FND-002/test-results/graphify-update-final.txt
END: 2026-08-03T06:26:34+02:00
EXIT CODE: 0

COMMAND: git diff --name-only -- '*.rs' | xargs rustfmt --edition 2024 --check --config skip_children=true
WORKING DIRECTORY: /home/xupremix/Projects/incin
FEATURES/ENVIRONMENT: RUSTFLAGS=<unset> RUSTDOCFLAGS=<unset> TRYBUILD=<unset> INCIN_DOCS=<unset>
START: 2026-08-03T06:26:34+02:00
COMMIT: e906a5b4a9128788b7122d621c53734bee55774d
FULL OUTPUT: audit-evidence/FND-002/test-results/fmt-focused-post-review.txt
END: 2026-08-03T06:26:34+02:00
EXIT CODE: 0

COMMAND: git diff --check -- . ':(exclude)audit-evidence/**'
WORKING DIRECTORY: /home/xupremix/Projects/incin
FEATURES/ENVIRONMENT: RUSTFLAGS=<unset> RUSTDOCFLAGS=<unset> TRYBUILD=<unset> INCIN_DOCS=<unset>
START: 2026-08-03T06:26:34+02:00
COMMIT: e906a5b4a9128788b7122d621c53734bee55774d
FULL OUTPUT: audit-evidence/FND-002/test-results/diff-check-post-review.txt
END: 2026-08-03T06:26:34+02:00
EXIT CODE: 0

