    Finished `test` profile [unoptimized] target(s) in 0.15s
     Running unittests src/lib.rs (target/miri/x86_64-unknown-linux-gnu/debug/deps/incin_backends-2a899f95e8fbb875)

running 325 tests
test backend_kind::tests::checked_storage_wrapping_rejects_metadata_mismatches ... ok
test backend_kind::tests::derived_module_transfer_changes_its_backend_output_type ... ok
test backend_kind::tests::device_transfer_detaches_tracked_tensor_type ... ok
test backend_kind::tests::dynamic_layer_builders_consume_dtype_device_and_optional_flags ... ok
test backend_kind::tests::runtime_dispatch_reduces_and_transfers_through_host_bytes ... ok
test backend_kind::tests::runtime_dispatch_reports_disabled_backend ... ok
test backend_kind::tests::runtime_dispatch_selects_cpu_and_preserves_metadata ... ok
test backend_kind::tests::runtime_from_bytes_rejects_wrong_length ... ok
test backend_kind::tests::selects_cpu_backend ... ok
test backend_kind::tests::static_cpu_transfer_rebuilds_dynamic_dispatch_storage ... ok
test capability::catalog_tests::coverage_has_one_explicit_decision_per_catalog_operation ... ok
test capability::catalog_tests::exact_capability_rows_and_executor_admission_share_one_declaration ... ok
test capability_docs::tests::a_backend_missing_an_operation_gets_an_explicit_dash ... ok
test capability_docs::tests::a_rank_bound_reads_as_a_bound_only_when_it_is_one ... ok
test capability_docs::tests::repeated_registrations_are_unioned_rather_than_replaced ... ok
test cpu::canonical::tests::a_compression_into_an_unsupported_representation_is_refused ... ok
test cpu::canonical::tests::a_conversion_to_a_quantized_dtype_is_refused_by_name ... ok
test cpu::canonical::tests::a_convolution_with_a_bias_is_not_refused_by_its_own_rank_bound ... ok
test cpu::canonical::tests::a_linear_layer_transposes_its_weight_and_adds_its_bias ... ok
test cpu::canonical::tests::a_loss_with_no_reduction_keeps_the_elementwise_shape ... ok
test cpu::canonical::tests::a_non_f32_convolution_operand_is_refused ... ok
test cpu::canonical::tests::a_training_batch_norm_normalizes_by_the_batch_statistics ... ok
test cpu::canonical::tests::an_allocation_given_an_operand_is_refused ... ok
test cpu::canonical::tests::an_allocation_is_refused_by_a_row_it_does_not_match ... ok
test cpu::canonical::tests::an_epsilon_that_flushes_to_zero_in_f32_is_refused ... ok
test cpu::canonical::tests::an_inference_batch_norm_with_running_statistics_executes ... ok
test cpu::canonical::tests::an_uneven_axis_leaves_a_shorter_final_piece ... ok
test cpu::canonical::tests::canonical_and_legacy_gradients_are_identical ... ok
test cpu::canonical::tests::canonical_axis_reduction_gradients_match_finite_differences ... ok
test cpu::canonical::tests::canonical_conv1d_executes_at_the_ranks_its_row_advertises ... ok
test cpu::canonical::tests::canonical_layer_norm_executes_and_normalizes_each_row ... ok
test cpu::canonical::tests::canonical_matmul_gradients_match_finite_differences ... ok
test cpu::canonical::tests::canonical_pointwise_gradients_match_finite_differences ... ok
test cpu::canonical::tests::canonical_view_gradients_match_finite_differences ... ok
test cpu::canonical::tests::chunking_beyond_the_axis_extent_produces_fewer_pieces_not_empty_ones ... ok
test cpu::canonical::tests::dropout_outside_training_returns_the_operand_unchanged ... ok
test cpu::canonical::tests::dropout_zeroes_some_elements_and_scales_the_rest_by_the_keep_reciprocal ... warning: integer-to-pointer cast
   --> /home/xupremix/.cargo/registry/src/index.crates.io-1949cf8c6b5b557f/crossbeam-epoch-0.9.18/src/atomic.rs:204:11
    |
204 |         &*(ptr as *const T)
    |           ^^^^^^^^^^^^^^^^^ integer-to-pointer cast
    |
    = help: this program is using integer-to-pointer casts or (equivalently) `ptr::with_exposed_provenance`, which means that Miri might miss pointer bugs in this program
    = help: see https://doc.rust-lang.org/nightly/std/ptr/fn.with_exposed_provenance.html for more details on that operation
    = help: to ensure that Miri does not miss bugs in your program, use Strict Provenance APIs (https://doc.rust-lang.org/nightly/std/ptr/index.html#strict-provenance, https://crates.io/crates/sptr) instead
    = help: you can then set `MIRIFLAGS=-Zmiri-strict-provenance` to ensure you are not relying on `with_exposed_provenance` semantics
    = help: Tree Borrows does not support integer-to-pointer casts, so the program is likely to go wrong when this pointer gets used
    = note: this is on thread `unnamed-38`
    = note: stack backtrace:
            0: <crossbeam_epoch::internal::Local as crossbeam_epoch::atomic::Pointable>::deref::<'_>
                at /home/xupremix/.cargo/registry/src/index.crates.io-1949cf8c6b5b557f/crossbeam-epoch-0.9.18/src/atomic.rs:204:11: 204:28
            1: crossbeam_epoch::atomic::Shared::<'_, crossbeam_epoch::internal::Local>::deref
                at /home/xupremix/.cargo/registry/src/index.crates.io-1949cf8c6b5b557f/crossbeam-epoch-0.9.18/src/atomic.rs:1421:9: 1421:22
            2: crossbeam_epoch::sync::list::List::<crossbeam_epoch::internal::Local>::insert
                at /home/xupremix/.cargo/registry/src/index.crates.io-1949cf8c6b5b557f/crossbeam-epoch-0.9.18/src/sync/list.rs:176:41: 176:58
            3: crossbeam_epoch::internal::Local::register
                at /home/xupremix/.cargo/registry/src/index.crates.io-1949cf8c6b5b557f/crossbeam-epoch-0.9.18/src/internal.rs:330:13: 330:65
            4: crossbeam_epoch::collector::Collector::register
                at /home/xupremix/.cargo/registry/src/index.crates.io-1949cf8c6b5b557f/crossbeam-epoch-0.9.18/src/collector.rs:45:9: 45:30
            5: crossbeam_epoch::default::HANDLE::__rust_std_internal_init_fn
                at /home/xupremix/.cargo/registry/src/index.crates.io-1949cf8c6b5b557f/crossbeam-epoch-0.9.18/src/default.rs:34:34: 34:56
            6: <fn() -> crossbeam_epoch::collector::LocalHandle {crossbeam_epoch::default::HANDLE::__rust_std_internal_init_fn} as std::ops::FnOnce<()>>::call_once - shim(fn() -> crossbeam_epoch::collector::LocalHandle {crossbeam_epoch::default::HANDLE::__rust_std_internal_init_fn})
                at /home/xupremix/.rustup/toolchains/nightly-x86_64-unknown-linux-gnu/lib/rustlib/src/rust/library/core/src/ops/function.rs:250:5: 250:71
            7: std::thread::local_impl::LazyStorage::<crossbeam_epoch::collector::LocalHandle, ()>::get_or_init_slow::<fn() -> crossbeam_epoch::collector::LocalHandle {crossbeam_epoch::default::HANDLE::__rust_std_internal_init_fn}>
                at /home/xupremix/.rustup/toolchains/nightly-x86_64-unknown-linux-gnu/lib/rustlib/src/rust/library/std/src/sys/thread_local/native/lazy.rs:80:17: 80:59
            8: std::thread::local_impl::LazyStorage::<crossbeam_epoch::collector::LocalHandle, ()>::get_or_init::<fn() -> crossbeam_epoch::collector::LocalHandle {crossbeam_epoch::default::HANDLE::__rust_std_internal_init_fn}>
                at /home/xupremix/.rustup/toolchains/nightly-x86_64-unknown-linux-gnu/lib/rustlib/src/rust/library/std/src/sys/thread_local/native/lazy.rs:62:22: 62:49
            9: crossbeam_epoch::default::HANDLE::{constant#0}::{closure#0}
                at /home/xupremix/.rustup/toolchains/nightly-x86_64-unknown-linux-gnu/lib/rustlib/src/rust/library/std/src/sys/thread_local/native/mod.rs:97:25: 97:115
            10: <{closure@crossbeam_epoch::default::HANDLE::{constant#0}::{closure#0}} as std::ops::FnOnce<(std::option::Option<&mut std::option::Option<crossbeam_epoch::collector::LocalHandle>>,)>>::call_once - shim
                at /home/xupremix/.rustup/toolchains/nightly-x86_64-unknown-linux-gnu/lib/rustlib/src/rust/library/core/src/ops/function.rs:250:5: 250:71
            11: std::thread::LocalKey::<crossbeam_epoch::collector::LocalHandle>::try_with::<{closure@crossbeam_epoch::default::with_handle<{closure@crossbeam_epoch::default::is_pinned::{closure#0}}, bool>::{closure#0}}, bool>
                at /home/xupremix/.rustup/toolchains/nightly-x86_64-unknown-linux-gnu/lib/rustlib/src/rust/library/std/src/thread/local.rs:463:37: 463:55
            12: crossbeam_epoch::default::with_handle::<{closure@crossbeam_epoch::default::is_pinned::{closure#0}}, bool>
                at /home/xupremix/.cargo/registry/src/index.crates.io-1949cf8c6b5b557f/crossbeam-epoch-0.9.18/src/default.rs:59:5: 60:28
            13: crossbeam_epoch::default::is_pinned
                at /home/xupremix/.cargo/registry/src/index.crates.io-1949cf8c6b5b557f/crossbeam-epoch-0.9.18/src/default.rs:46:5: 46:45
            14: crossbeam_deque::deque::Stealer::<rayon_core::job::JobRef>::steal
                at /home/xupremix/.cargo/registry/src/index.crates.io-1949cf8c6b5b557f/crossbeam-deque-0.8.6/src/deque.rs:642:12: 642:30
            15: rayon_core::registry::WorkerThread::take_local_job
                at /home/xupremix/.cargo/registry/src/index.crates.io-1949cf8c6b5b557f/rayon-core-1.13.0/src/registry.rs:757:19: 757:39
            16: rayon_core::registry::WorkerThread::wait_until_cold
                at /home/xupremix/.cargo/registry/src/index.crates.io-1949cf8c6b5b557f/rayon-core-1.13.0/src/registry.rs:791:32: 791:53
            17: rayon_core::registry::WorkerThread::wait_until::<rayon_core::latch::OnceLatch>
                at /home/xupremix/.cargo/registry/src/index.crates.io-1949cf8c6b5b557f/rayon-core-1.13.0/src/registry.rs:775:13: 775:40
            18: rayon_core::registry::WorkerThread::wait_until_out_of_work
                at /home/xupremix/.cargo/registry/src/index.crates.io-1949cf8c6b5b557f/rayon-core-1.13.0/src/registry.rs:824:9: 824:65
            19: rayon_core::registry::main_loop
                at /home/xupremix/.cargo/registry/src/index.crates.io-1949cf8c6b5b557f/rayon-core-1.13.0/src/registry.rs:929:5: 929:43
            20: rayon::ThreadBuilder::run
                at /home/xupremix/.cargo/registry/src/index.crates.io-1949cf8c6b5b557f/rayon-core-1.13.0/src/registry.rs:50:18: 50:33
            21: <rayon_core::registry::DefaultSpawn as rayon_core::registry::ThreadSpawn>::spawn::{closure#0}
                at /home/xupremix/.cargo/registry/src/index.crates.io-1949cf8c6b5b557f/rayon-core-1.13.0/src/registry.rs:95:20: 95:32
            22: std::sys::backtrace::__rust_begin_short_backtrace::<{closure@<rayon_core::registry::DefaultSpawn as rayon_core::registry::ThreadSpawn>::spawn::{closure#0}}, ()>
                at /home/xupremix/.rustup/toolchains/nightly-x86_64-unknown-linux-gnu/lib/rustlib/src/rust/library/std/src/sys/backtrace.rs:166:18: 166:21
            23: std::thread::lifecycle::spawn_unchecked::<'_, {closure@<rayon_core::registry::DefaultSpawn as rayon_core::registry::ThreadSpawn>::spawn::{closure#0}}, ()>::{closure#1}::{closure#0}
                at /home/xupremix/.rustup/toolchains/nightly-x86_64-unknown-linux-gnu/lib/rustlib/src/rust/library/std/src/thread/lifecycle.rs:70:13: 70:67
            24: <std::panic::AssertUnwindSafe<{closure@std::thread::lifecycle::spawn_unchecked<'_, {closure@<rayon_core::registry::DefaultSpawn as rayon_core::registry::ThreadSpawn>::spawn::{closure#0}}, ()>::{closure#1}::{closure#0}}> as std::ops::FnOnce<()>>::call_once
                at /home/xupremix/.rustup/toolchains/nightly-x86_64-unknown-linux-gnu/lib/rustlib/src/rust/library/core/src/panic/unwind_safe.rs:275:9: 275:19
            25: std::panicking::catch_unwind::do_call::<std::panic::AssertUnwindSafe<{closure@std::thread::lifecycle::spawn_unchecked<'_, {closure@<rayon_core::registry::DefaultSpawn as rayon_core::registry::ThreadSpawn>::spawn::{closure#0}}, ()>::{closure#1}::{closure#0}}>, ()>
                at /home/xupremix/.rustup/toolchains/nightly-x86_64-unknown-linux-gnu/lib/rustlib/src/rust/library/std/src/panicking.rs:576:43: 576:46
            26: std::panicking::catch_unwind::<(), std::panic::AssertUnwindSafe<{closure@std::thread::lifecycle::spawn_unchecked<'_, {closure@<rayon_core::registry::DefaultSpawn as rayon_core::registry::ThreadSpawn>::spawn::{closure#0}}, ()>::{closure#1}::{closure#0}}>>
                at /home/xupremix/.rustup/toolchains/nightly-x86_64-unknown-linux-gnu/lib/rustlib/src/rust/library/std/src/panicking.rs:544:19: 544:77
            27: std::panic::catch_unwind::<std::panic::AssertUnwindSafe<{closure@std::thread::lifecycle::spawn_unchecked<'_, {closure@<rayon_core::registry::DefaultSpawn as rayon_core::registry::ThreadSpawn>::spawn::{closure#0}}, ()>::{closure#1}::{closure#0}}>, ()>
                at /home/xupremix/.rustup/toolchains/nightly-x86_64-unknown-linux-gnu/lib/rustlib/src/rust/library/std/src/panic.rs:359:14: 359:40
            28: std::thread::lifecycle::spawn_unchecked::<'_, {closure@<rayon_core::registry::DefaultSpawn as rayon_core::registry::ThreadSpawn>::spawn::{closure#0}}, ()>::{closure#1}
                at /home/xupremix/.rustup/toolchains/nightly-x86_64-unknown-linux-gnu/lib/rustlib/src/rust/library/std/src/thread/lifecycle.rs:68:26: 71:12
            29: <{closure@std::thread::lifecycle::spawn_unchecked<'_, {closure@<rayon_core::registry::DefaultSpawn as rayon_core::registry::ThreadSpawn>::spawn::{closure#0}}, ()>::{closure#1}} as std::ops::FnOnce<()>>::call_once - shim(vtable)
                at /home/xupremix/.rustup/toolchains/nightly-x86_64-unknown-linux-gnu/lib/rustlib/src/rust/library/core/src/ops/function.rs:250:5: 250:71
            30: <std::boxed::Box<dyn std::ops::FnOnce() + std::marker::Send> as std::ops::FnOnce<()>>::call_once
                at /home/xupremix/.rustup/toolchains/nightly-x86_64-unknown-linux-gnu/lib/rustlib/src/rust/library/alloc/src/boxed.rs:2326:9: 2326:52
            31: std::sys::thread::unix::Thread::new::thread_start
                at /home/xupremix/.rustup/toolchains/nightly-x86_64-unknown-linux-gnu/lib/rustlib/src/rust/library/std/src/sys/thread/unix.rs:123:17: 123:29
note: the last function in that backtrace got called indirectly due to this code
   --> crates/incin-backends/src/cpu/typed_kernel.rs:34:25
    |
 34 | /                         output
 35 | |                             .par_chunks_mut(PARALLEL_GRAIN)
 36 | |                             .zip(input.par_chunks(PARALLEL_GRAIN))
 37 | |                             .for_each(|(out_chunk, in_chunk)| {
...   |
 41 | |                             });
    | |______________________________^
...
 74 |   impl_typed_kernel!(f32, f64, f16, bf16, u8, i8, u32, i32, i64);
    |   -------------------------------------------------------------- in this macro invocation
    = note: this warning originates in the macro `impl_typed_kernel` (in Nightly builds, run with -Z macro-backtrace for more info)

warning: integer-to-pointer cast
    --> /home/xupremix/.cargo/registry/src/index.crates.io-1949cf8c6b5b557f/crossbeam-epoch-0.9.18/src/atomic.rs:1345:9
     |
1345 |         raw as *const _
     |         ^^^^^^^^^^^^^^^ integer-to-pointer cast
     |
     = note: this is on thread `unnamed-38`
     = note: stack backtrace:
             0: crossbeam_epoch::atomic::Shared::<'_, crossbeam_epoch::internal::Local>::as_raw
                 at /home/xupremix/.cargo/registry/src/index.crates.io-1949cf8c6b5b557f/crossbeam-epoch-0.9.18/src/atomic.rs:1345:9: 1345:24
             1: crossbeam_epoch::internal::Local::register
                 at /home/xupremix/.cargo/registry/src/index.crates.io-1949cf8c6b5b557f/crossbeam-epoch-0.9.18/src/internal.rs:332:24: 332:38
             2: crossbeam_epoch::collector::Collector::register
                 at /home/xupremix/.cargo/registry/src/index.crates.io-1949cf8c6b5b557f/crossbeam-epoch-0.9.18/src/collector.rs:45:9: 45:30
             3: crossbeam_epoch::default::HANDLE::__rust_std_internal_init_fn
                 at /home/xupremix/.cargo/registry/src/index.crates.io-1949cf8c6b5b557f/crossbeam-epoch-0.9.18/src/default.rs:34:34: 34:56
             4: <fn() -> crossbeam_epoch::collector::LocalHandle {crossbeam_epoch::default::HANDLE::__rust_std_internal_init_fn} as std::ops::FnOnce<()>>::call_once - shim(fn() -> crossbeam_epoch::collector::LocalHandle {crossbeam_epoch::default::HANDLE::__rust_std_internal_init_fn})
                 at /home/xupremix/.rustup/toolchains/nightly-x86_64-unknown-linux-gnu/lib/rustlib/src/rust/library/core/src/ops/function.rs:250:5: 250:71
             5: std::thread::local_impl::LazyStorage::<crossbeam_epoch::collector::LocalHandle, ()>::get_or_init_slow::<fn() -> crossbeam_epoch::collector::LocalHandle {crossbeam_epoch::default::HANDLE::__rust_std_internal_init_fn}>
                 at /home/xupremix/.rustup/toolchains/nightly-x86_64-unknown-linux-gnu/lib/rustlib/src/rust/library/std/src/sys/thread_local/native/lazy.rs:80:17: 80:59
             6: std::thread::local_impl::LazyStorage::<crossbeam_epoch::collector::LocalHandle, ()>::get_or_init::<fn() -> crossbeam_epoch::collector::LocalHandle {crossbeam_epoch::default::HANDLE::__rust_std_internal_init_fn}>
                 at /home/xupremix/.rustup/toolchains/nightly-x86_64-unknown-linux-gnu/lib/rustlib/src/rust/library/std/src/sys/thread_local/native/lazy.rs:62:22: 62:49
             7: crossbeam_epoch::default::HANDLE::{constant#0}::{closure#0}
                 at /home/xupremix/.rustup/toolchains/nightly-x86_64-unknown-linux-gnu/lib/rustlib/src/rust/library/std/src/sys/thread_local/native/mod.rs:97:25: 97:115
             8: <{closure@crossbeam_epoch::default::HANDLE::{constant#0}::{closure#0}} as std::ops::FnOnce<(std::option::Option<&mut std::option::Option<crossbeam_epoch::collector::LocalHandle>>,)>>::call_once - shim
                 at /home/xupremix/.rustup/toolchains/nightly-x86_64-unknown-linux-gnu/lib/rustlib/src/rust/library/core/src/ops/function.rs:250:5: 250:71
             9: std::thread::LocalKey::<crossbeam_epoch::collector::LocalHandle>::try_with::<{closure@crossbeam_epoch::default::with_handle<{closure@crossbeam_epoch::default::is_pinned::{closure#0}}, bool>::{closure#0}}, bool>
                 at /home/xupremix/.rustup/toolchains/nightly-x86_64-unknown-linux-gnu/lib/rustlib/src/rust/library/std/src/thread/local.rs:463:37: 463:55
             10: crossbeam_epoch::default::with_handle::<{closure@crossbeam_epoch::default::is_pinned::{closure#0}}, bool>
                 at /home/xupremix/.cargo/registry/src/index.crates.io-1949cf8c6b5b557f/crossbeam-epoch-0.9.18/src/default.rs:59:5: 60:28
             11: crossbeam_epoch::default::is_pinned
                 at /home/xupremix/.cargo/registry/src/index.crates.io-1949cf8c6b5b557f/crossbeam-epoch-0.9.18/src/default.rs:46:5: 46:45
             12: crossbeam_deque::deque::Stealer::<rayon_core::job::JobRef>::steal
                 at /home/xupremix/.cargo/registry/src/index.crates.io-1949cf8c6b5b557f/crossbeam-deque-0.8.6/src/deque.rs:642:12: 642:30
             13: rayon_core::registry::WorkerThread::take_local_job
                 at /home/xupremix/.cargo/registry/src/index.crates.io-1949cf8c6b5b557f/rayon-core-1.13.0/src/registry.rs:757:19: 757:39
             14: rayon_core::registry::WorkerThread::wait_until_cold
                 at /home/xupremix/.cargo/registry/src/index.crates.io-1949cf8c6b5b557f/rayon-core-1.13.0/src/registry.rs:791:32: 791:53
             15: rayon_core::registry::WorkerThread::wait_until::<rayon_core::latch::OnceLatch>
                 at /home/xupremix/.cargo/registry/src/index.crates.io-1949cf8c6b5b557f/rayon-core-1.13.0/src/registry.rs:775:13: 775:40
             16: rayon_core::registry::WorkerThread::wait_until_out_of_work
                 at /home/xupremix/.cargo/registry/src/index.crates.io-1949cf8c6b5b557f/rayon-core-1.13.0/src/registry.rs:824:9: 824:65
             17: rayon_core::registry::main_loop
                 at /home/xupremix/.cargo/registry/src/index.crates.io-1949cf8c6b5b557f/rayon-core-1.13.0/src/registry.rs:929:5: 929:43
             18: rayon::ThreadBuilder::run
                 at /home/xupremix/.cargo/registry/src/index.crates.io-1949cf8c6b5b557f/rayon-core-1.13.0/src/registry.rs:50:18: 50:33
             19: <rayon_core::registry::DefaultSpawn as rayon_core::registry::ThreadSpawn>::spawn::{closure#0}
                 at /home/xupremix/.cargo/registry/src/index.crates.io-1949cf8c6b5b557f/rayon-core-1.13.0/src/registry.rs:95:20: 95:32
             20: std::sys::backtrace::__rust_begin_short_backtrace::<{closure@<rayon_core::registry::DefaultSpawn as rayon_core::registry::ThreadSpawn>::spawn::{closure#0}}, ()>
                 at /home/xupremix/.rustup/toolchains/nightly-x86_64-unknown-linux-gnu/lib/rustlib/src/rust/library/std/src/sys/backtrace.rs:166:18: 166:21
             21: std::thread::lifecycle::spawn_unchecked::<'_, {closure@<rayon_core::registry::DefaultSpawn as rayon_core::registry::ThreadSpawn>::spawn::{closure#0}}, ()>::{closure#1}::{closure#0}
                 at /home/xupremix/.rustup/toolchains/nightly-x86_64-unknown-linux-gnu/lib/rustlib/src/rust/library/std/src/thread/lifecycle.rs:70:13: 70:67
             22: <std::panic::AssertUnwindSafe<{closure@std::thread::lifecycle::spawn_unchecked<'_, {closure@<rayon_core::registry::DefaultSpawn as rayon_core::registry::ThreadSpawn>::spawn::{closure#0}}, ()>::{closure#1}::{closure#0}}> as std::ops::FnOnce<()>>::call_once
                 at /home/xupremix/.rustup/toolchains/nightly-x86_64-unknown-linux-gnu/lib/rustlib/src/rust/library/core/src/panic/unwind_safe.rs:275:9: 275:19
             23: std::panicking::catch_unwind::do_call::<std::panic::AssertUnwindSafe<{closure@std::thread::lifecycle::spawn_unchecked<'_, {closure@<rayon_core::registry::DefaultSpawn as rayon_core::registry::ThreadSpawn>::spawn::{closure#0}}, ()>::{closure#1}::{closure#0}}>, ()>
                 at /home/xupremix/.rustup/toolchains/nightly-x86_64-unknown-linux-gnu/lib/rustlib/src/rust/library/std/src/panicking.rs:576:43: 576:46
             24: std::panicking::catch_unwind::<(), std::panic::AssertUnwindSafe<{closure@std::thread::lifecycle::spawn_unchecked<'_, {closure@<rayon_core::registry::DefaultSpawn as rayon_core::registry::ThreadSpawn>::spawn::{closure#0}}, ()>::{closure#1}::{closure#0}}>>
                 at /home/xupremix/.rustup/toolchains/nightly-x86_64-unknown-linux-gnu/lib/rustlib/src/rust/library/std/src/panicking.rs:544:19: 544:77
             25: std::panic::catch_unwind::<std::panic::AssertUnwindSafe<{closure@std::thread::lifecycle::spawn_unchecked<'_, {closure@<rayon_core::registry::DefaultSpawn as rayon_core::registry::ThreadSpawn>::spawn::{closure#0}}, ()>::{closure#1}::{closure#0}}>, ()>
                 at /home/xupremix/.rustup/toolchains/nightly-x86_64-unknown-linux-gnu/lib/rustlib/src/rust/library/std/src/panic.rs:359:14: 359:40
             26: std::thread::lifecycle::spawn_unchecked::<'_, {closure@<rayon_core::registry::DefaultSpawn as rayon_core::registry::ThreadSpawn>::spawn::{closure#0}}, ()>::{closure#1}
                 at /home/xupremix/.rustup/toolchains/nightly-x86_64-unknown-linux-gnu/lib/rustlib/src/rust/library/std/src/thread/lifecycle.rs:68:26: 71:12
             27: <{closure@std::thread::lifecycle::spawn_unchecked<'_, {closure@<rayon_core::registry::DefaultSpawn as rayon_core::registry::ThreadSpawn>::spawn::{closure#0}}, ()>::{closure#1}} as std::ops::FnOnce<()>>::call_once - shim(vtable)
                 at /home/xupremix/.rustup/toolchains/nightly-x86_64-unknown-linux-gnu/lib/rustlib/src/rust/library/core/src/ops/function.rs:250:5: 250:71
             28: <std::boxed::Box<dyn std::ops::FnOnce() + std::marker::Send> as std::ops::FnOnce<()>>::call_once
                 at /home/xupremix/.rustup/toolchains/nightly-x86_64-unknown-linux-gnu/lib/rustlib/src/rust/library/alloc/src/boxed.rs:2326:9: 2326:52
             29: std::sys::thread::unix::Thread::new::thread_start
                 at /home/xupremix/.rustup/toolchains/nightly-x86_64-unknown-linux-gnu/lib/rustlib/src/rust/library/std/src/sys/thread/unix.rs:123:17: 123:29
note: the last function in that backtrace got called indirectly due to this code
    --> crates/incin-backends/src/cpu/typed_kernel.rs:34:25
     |
  34 | /                         output
  35 | |                             .par_chunks_mut(PARALLEL_GRAIN)
  36 | |                             .zip(input.par_chunks(PARALLEL_GRAIN))
  37 | |                             .for_each(|(out_chunk, in_chunk)| {
...    |
  41 | |                             });
     | |______________________________^
...
  74 |   impl_typed_kernel!(f32, f64, f16, bf16, u8, i8, u32, i32, i64);
     |   -------------------------------------------------------------- in this macro invocation
     = note: this warning originates in the macro `impl_typed_kernel` (in Nightly builds, run with -Z macro-backtrace for more info)

ok
test cpu::canonical::tests::each_canonical_loss_computes_its_own_formula ... ok
test cpu::canonical::tests::quantization_round_trips_within_the_block_format_error ... ok
test cpu::canonical::tests::rms_norm_scales_by_the_root_mean_square_without_centring ... ok
test cpu::canonical::tests::the_axis_variance_forms_reduce_the_axis_they_name ... ok
test cpu::canonical::tests::the_dot_and_outer_products_contract_and_expand ... ok
test cpu::canonical::tests::the_norm_orders_agree_where_the_fast_paths_meet_the_general_one ... ok
test cpu::canonical::tests::the_ranged_fills_read_their_parameters_in_the_right_order ... ok
test cpu::canonical::tests::the_variance_estimators_differ_by_their_correction ... ok
test cpu::canonical::tests::training_and_inference_batch_norm_disagree ... ok
test cpu::creation::tests::dyn_dtype_uses_runtime_buffer_variant ... ok
test cpu::creation::tests::integer_fill_rejects_implicit_truncation_and_saturation ... ok
test cpu::creation::tests::integer_ranges_reject_fractional_values ... ok
test cpu::creation::tests::ones_produces_correct_shape_and_all_one_values ... ok
test cpu::creation::tests::rand_produces_values_in_zero_one_range ... ok
test cpu::creation::tests::randn_produces_statistically_plausible_standard_normal_samples ... ok
test cpu::creation::tests::transfer_to_cpu_returns_equivalent_storage ... ok
test cpu::creation::tests::var_ones_wraps_equivalent_ones_result ... ok
test cpu::creation::tests::var_rand_wraps_equivalent_rand_result ... ok
test cpu::creation::tests::var_randn_wraps_equivalent_randn_result ... ok
test cpu::creation::tests::var_zeros_wraps_equivalent_zeros_result ... ok
test cpu::creation::tests::zeros_produces_correct_shape_and_all_zero_values ... ok
test cpu::gradcheck::tests::gradcheck_matches_analytic_gradient_of_sum_of_squares ... ok
test cpu::gradcheck::tests::gradcheck_panics_on_non_scalar_output - should panic ... ok
test cpu::gradcheck::tests::numerical_grad_matches_closed_form_derivative_of_cube ... ok
test cpu::ops::conv::tests::conv1d_backward_overlapping_windows_accumulates_grad_input ... ok
test cpu::ops::conv::tests::conv1d_forward_groups_matches_two_independent_convs ... ok
test cpu::ops::conv::tests::conv1d_forward_hand_computed_no_padding ... ok
test cpu::ops::conv::tests::conv1d_forward_with_bias_adds_per_channel_constant ... ok
test cpu::ops::conv::tests::conv1d_forward_with_padding_zero_fills_boundary ... ok
test cpu::ops::conv::tests::conv1d_gradcheck_input_and_weight ... ok
test cpu::ops::conv::tests::conv2d_forward_depthwise_groups_equal_cin ... ok
test cpu::ops::conv::tests::conv2d_forward_groups_matches_two_independent_convs ... ok
test cpu::ops::conv::tests::conv2d_forward_hand_computed_no_padding ... ok
test cpu::ops::conv::tests::conv2d_gradcheck_input_and_weight ... ok
test cpu::ops::conv::tests::conv_transpose2d_forward_hand_computed_basic ... ok
test cpu::ops::conv::tests::conv_transpose2d_forward_output_padding_appends_trailing_zeros_only ... ok
test cpu::ops::conv::tests::conv_transpose2d_forward_stride_upsamples ... ok
test cpu::ops::conv::tests::conv_transpose2d_gradcheck_input_and_weight ... ok
test cpu::ops::conv::tests::conv_transpose2d_rejects_groups_other_than_one ... ok
test cpu::ops::elementwise::tests::abs_forward_and_gradcheck ... ok
test cpu::ops::elementwise::tests::add_backward_unbroadcasts_correctly_for_bias_vector_case ... ok
test cpu::ops::elementwise::tests::add_broadcasts_forward_correctly ... ok
test cpu::ops::elementwise::tests::add_preserves_f64_dtype_and_precision ... ok
test cpu::ops::elementwise::tests::add_scalar_float_forward_and_backward ... ok
test cpu::ops::elementwise::tests::exp_forward_and_gradcheck ... ok
test cpu::ops::elementwise::tests::gelu_forward_zero_and_one ... ok
test cpu::ops::elementwise::tests::gelu_gradcheck ... ok
test cpu::ops::elementwise::tests::log_softmax_exp_sums_to_one_on_vector ... ok
test cpu::ops::elementwise::tests::log_softmax_gradcheck ... ok
test cpu::ops::elementwise::tests::log_softmax_is_finite_and_correct_on_large_magnitude_equal_logits ... ok
test cpu::ops::elementwise::tests::mul_backward_uses_other_operands_real_values ... ok
test cpu::ops::elementwise::tests::mul_backward_with_broadcast_bias_vector_case ... ok
test cpu::ops::elementwise::tests::mul_forward_computes_elementwise_product_with_broadcast ... ok
test cpu::ops::elementwise::tests::mul_scalar_float_forward_and_backward ... ok
test cpu::ops::elementwise::tests::neg_forward_and_gradcheck ... ok
test cpu::ops::elementwise::tests::numeric_ops_preserve_half_storage_and_compute_in_f32 ... ok
test cpu::ops::elementwise::tests::numeric_ops_preserve_non_contiguous_view_semantics ... ok
test cpu::ops::elementwise::tests::relu_forward_and_backward_zero_at_boundary ... ok
test cpu::ops::elementwise::tests::relu_gradcheck_on_nonzero_input ... ok
test cpu::ops::elementwise::tests::relu_preserves_f64_dtype ... ok
test cpu::ops::elementwise::tests::softmax_after_refactor_still_passes_all_prior_behavior ... ok
test cpu::ops::elementwise::tests::softmax_backward_finite_on_large_magnitude_equal_logits ... ok
test cpu::ops::elementwise::tests::softmax_forward_stable_on_large_magnitude_equal_logits ... ok
test cpu::ops::elementwise::tests::softmax_forward_sums_to_one_on_vector ... ok
test cpu::ops::elementwise::tests::softmax_forward_sums_to_one_per_row_on_matrix ... ok
test cpu::ops::elementwise::tests::softmax_forward_uniform_on_all_zero_logits ... ok
test cpu::ops::elementwise::tests::sqrt_forward_gradcheck_and_nan_propagation ... ok
test cpu::ops::elementwise::tests::sub_backward_negates_rhs_contribution ... ok
test cpu::ops::elementwise::tests::sub_forward_computes_elementwise_difference_with_broadcast ... ok
test cpu::ops::elementwise_kernel::tests::benchmark_cpu_binary_kernels ... ignored, microbenchmark: run explicitly with --release --ignored --nocapture
test cpu::ops::elementwise_kernel::tests::dense_broadcast_vector_projection_preserves_order_and_odd_tails ... ok
test cpu::ops::elementwise_kernel::tests::f32_contiguous_add_stays_typed ... ok
test cpu::ops::elementwise_kernel::tests::f64_contiguous_math_keeps_f64_precision ... ok
test cpu::ops::elementwise_kernel::tests::general_broadcast_uses_typed_strided_kernel ... ok
test cpu::ops::elementwise_kernel::tests::half_storage_uses_f32_compute ... ok
test cpu::ops::elementwise_kernel::tests::parallel_dense_broadcast_projection_crosses_chunk_boundaries ... ignored
test cpu::ops::elementwise_kernel::tests::parallel_vector_chunks_preserve_operations_and_tails ... ignored
test cpu::ops::elementwise_kernel::tests::scalar_broadcast_preserves_operand_order ... ok
test cpu::ops::elementwise_kernel::tests::scalar_vector_kernels_preserve_order_and_handle_tails ... ok
test cpu::ops::elementwise_kernel::tests::vector_kernels_handle_odd_scalar_tails_for_every_operation ... ok
test cpu::ops::embedding::tests::backward_repeated_index_accumulates_not_overwrites ... ok
test cpu::ops::embedding::tests::backward_unaddressed_rows_get_exactly_zero_gradient ... ok
test cpu::ops::embedding::tests::forward_1d_indices_gathers_correct_rows_with_repeats ... ok
test cpu::ops::embedding::tests::forward_2d_indices_gathers_correct_rows ... ok
test cpu::ops::embedding::tests::negative_index_returns_conversion_error_not_panic ... ok
test cpu::ops::embedding::tests::out_of_range_index_returns_typed_shape_error ... ok
test cpu::ops::loss::tests::bce_with_logits_backward_finite_on_extreme_logits ... ok
test cpu::ops::loss::tests::bce_with_logits_finite_on_large_negative_logit ... ok
test cpu::ops::loss::tests::bce_with_logits_finite_on_large_positive_logit ... ok
test cpu::ops::loss::tests::bce_with_logits_gradcheck ... ok
test cpu::ops::loss::tests::bce_with_logits_mean_at_zero_logit_equals_log2 ... ok
test cpu::ops::loss::tests::bce_with_logits_sum_and_none_dispatch_correctly ... ok
test cpu::ops::loss::tests::cross_entropy_loss_finite_on_extreme_logits ... ok
test cpu::ops::loss::tests::cross_entropy_loss_mean_matches_hand_computed_nll ... ok
test cpu::ops::loss::tests::cross_entropy_loss_none_produces_per_sample_nll_vector ... ok
test cpu::ops::loss::tests::cross_entropy_loss_sum_equals_batch_times_mean ... ok
test cpu::ops::loss::tests::cross_entropy_loss_uniform_logits_equal_log_num_classes ... ok
test cpu::ops::loss::tests::cross_entropy_rejects_fractional_and_out_of_range_targets ... ok
test cpu::ops::loss::tests::l1_loss_gradcheck ... ok
test cpu::ops::loss::tests::l1_loss_mean_produces_correct_scalar ... ok
test cpu::ops::loss::tests::l1_loss_none_produces_elementwise_absolute_diff ... ok
test cpu::ops::loss::tests::l1_loss_sum_produces_correct_scalar ... ok
test cpu::ops::loss::tests::mse_loss_mean_backward_matches_analytic_formula_2_times_pred_minus_target_over_n ... ok
test cpu::ops::loss::tests::mse_loss_mean_produces_correct_scalar ... ok
test cpu::ops::loss::tests::mse_loss_none_produces_elementwise_squared_diff ... ok
test cpu::ops::loss::tests::mse_loss_sum_produces_correct_scalar ... ok
test cpu::ops::matmul::tests::a_batched_matmul_records_one_tape_entry_per_call_not_one_per_slice ... ok
test cpu::ops::matmul::tests::a_batched_non_f32_matmul_keeps_its_dtype ... ok
test cpu::ops::matmul::tests::a_broadcast_non_contiguous_operand_matches_its_per_slice_reference ... ok
test cpu::ops::matmul::tests::a_contiguous_f64_matmul_computes_values_and_keeps_its_dtype ... ok
test cpu::ops::matmul::tests::a_large_product_agrees_with_the_kernel_that_is_always_correct ... ok
test cpu::ops::matmul::tests::batch_axes_broadcast_on_both_sides_index_the_right_slices ... ok
test cpu::ops::matmul::tests::batched_matmul_batch_broadcast_left_reuses_single_slice ... ok
test cpu::ops::matmul::tests::batched_matmul_batch_broadcast_right_reuses_single_slice ... ok
test cpu::ops::matmul::tests::batched_matmul_equal_batch_matches_per_slice_reference ... ok
test cpu::ops::matmul::tests::batched_matmul_gradcheck_batch_broadcast_left ... ok
test cpu::ops::matmul::tests::batched_matmul_gradcheck_batch_broadcast_right ... ok
test cpu::ops::matmul::tests::batched_matmul_gradcheck_equal_batch ... ok
test cpu::ops::matmul::tests::batched_matmul_gradcheck_rank4 ... ok
test cpu::ops::matmul::tests::batched_matmul_gradcheck_unbatched_degenerate ... ok
test cpu::ops::matmul::tests::batched_matmul_rank3_broadcasts_against_rank4_leading_dim_insertion ... ok
test cpu::ops::matmul::tests::batched_matmul_rank4_matches_reference_at_one_batch_index ... ok
test cpu::ops::matmul::tests::batched_matmul_size_one_batch_is_broadcast_not_unwrapped ... ok
test cpu::ops::matmul::tests::batched_matmul_size_zero_batch_produces_empty_output_without_panic ... ok
test cpu::ops::matmul::tests::batched_matmul_unbatched_degenerate_matches_matmul_impl ... ok
test cpu::ops::matmul::tests::every_layout_agrees_with_the_kernel_that_is_always_correct ... ok
test cpu::ops::matmul::tests::matmul_backward_matches_hand_computed_gradients ... ok
test cpu::ops::matmul::tests::matmul_forward_hand_computed_2x3_times_3x4 ... ok
test cpu::ops::matmul::tests::matmul_forward_transposed_lhs_view_is_correct_without_materializing ... ok
test cpu::ops::matmul::tests::matmul_shape_incompatible_returns_err_not_panic ... ok
test cpu::ops::norm::tests::batch_norm_all_args_provided_matches_hand_computed_formula ... ok
test cpu::ops::norm::tests::batch_norm_gradcheck ... ok
test cpu::ops::norm::tests::batch_norm_momentum_has_no_effect_on_output ... ok
test cpu::ops::norm::tests::batch_norm_none_args_match_explicit_default_fallback ... ok
test cpu::ops::norm::tests::batch_norm_rank2_uses_channel_dim_1 ... ok
test cpu::ops::norm::tests::layer_norm_custom_weight_and_bias_applies_affine ... ok
test cpu::ops::norm::tests::layer_norm_gradcheck ... ok
test cpu::ops::norm::tests::layer_norm_identity_weight_zero_bias_normalizes_each_row ... ok
test cpu::ops::norm::tests::layer_norm_none_bias_matches_explicit_zero_bias ... ok
test cpu::ops::norm::tests::layer_norm_rank3_normalizes_per_batch_seq_position ... ok
test cpu::ops::pool::tests::adaptive_avg_pool2d_evenly_dividing_matches_avg_pool2d ... ok
test cpu::ops::pool::tests::adaptive_avg_pool2d_gradcheck_non_evenly_dividing ... ok
test cpu::ops::pool::tests::adaptive_avg_pool2d_non_evenly_dividing_produces_variable_windows ... ok
test cpu::ops::pool::tests::avg_pool2d_backward_overlapping_windows_sums_grad_contributions ... ok
test cpu::ops::pool::tests::avg_pool2d_forward_no_overlap_hand_computed ... ok
test cpu::ops::pool::tests::avg_pool2d_gradcheck_overlapping ... ok
test cpu::ops::pool::tests::max_pool2d_backward_non_overlapping_routes_grad_to_winner_only ... ok
test cpu::ops::pool::tests::max_pool2d_backward_overlapping_windows_shared_winner_accumulates ... ok
test cpu::ops::pool::tests::max_pool2d_forward_no_overlap_hand_computed ... ok
test cpu::ops::pool::tests::max_pool2d_forward_with_padding_zero_boundary ... ok
test cpu::ops::pool::tests::max_pool2d_gradcheck_overlapping ... ok
test cpu::ops::quant::tests::test_quantize_dequantize_fidelity ... ok
test cpu::ops::quant::tests::test_quantized_matmul ... ok
test cpu::ops::quant::tests::unsupported_quantized_elementwise_arithmetic_is_typed ... ok
test cpu::ops::reduce::tests::argmax_argmin_do_not_push_tape_entries ... ok
test cpu::ops::reduce::tests::argmax_dim0_returns_row_index_of_column_max ... ok
test cpu::ops::reduce::tests::argmax_dim_none_returns_scalar_flat_index_of_global_max ... ok
test cpu::ops::reduce::tests::argmin_dim0_and_dim_none_mirror_argmax ... ok
test cpu::ops::reduce::tests::max_all_and_min_all_on_flat_vector ... ok
test cpu::ops::reduce::tests::max_dim_backward_routes_gradient_to_exactly_one_winner_on_tie ... ok
test cpu::ops::reduce::tests::max_dim_column_maxima_on_2x3 ... ok
test cpu::ops::reduce::tests::max_dim_gradcheck_all_distinct_values ... ok
test cpu::ops::reduce::tests::max_keepdim_column_maxima_on_2x3 ... ok
test cpu::ops::reduce::tests::mean_all_backward_distributes_grad_scaled_by_1_over_n ... ok
test cpu::ops::reduce::tests::mean_all_on_2x3_returns_correct_scalar ... ok
test cpu::ops::reduce::tests::mean_dim_column_means_on_2x3 ... ok
test cpu::ops::reduce::tests::mean_dim_gradcheck_dim0 ... ok
test cpu::ops::reduce::tests::mean_keepdim_column_means_on_2x3 ... ok
test cpu::ops::reduce::tests::mean_keepdim_gradcheck_dim1 ... ok
test cpu::ops::reduce::tests::min_dim_column_minima_on_2x3 ... ok
test cpu::ops::reduce::tests::min_keepdim_column_minima_on_2x3 ... ok
test cpu::ops::reduce::tests::prod_all_keeps_the_operand_dtype ... ok
test cpu::ops::reduce::tests::prod_all_on_2x3_returns_correct_scalar ... ok
test cpu::ops::reduce::tests::prod_dim_multiplies_along_the_named_axis_only ... ok
test cpu::ops::reduce::tests::sum_all_backward_distributes_grad_uniformly ... ok
test cpu::ops::reduce::tests::sum_all_backward_scales_by_incoming_gradient ... ok
test cpu::ops::reduce::tests::sum_all_on_2x3_returns_correct_scalar ... ok
test cpu::ops::reduce::tests::sum_dim_backward_broadcasts_grad_back_to_original_shape ... ok
test cpu::ops::reduce::tests::sum_dim_removes_axis_0_on_2x3 ... ok
test cpu::ops::reduce::tests::sum_dim_removes_axis_1_on_2x3 ... ok
test cpu::ops::reduce::tests::sum_keepdim_backward_broadcasts_grad_to_original_shape ... ok
test cpu::ops::reduce::tests::sum_keepdim_retains_axis_0_on_2x3 ... ok
test cpu::ops::shape_ops::tests::attention_keeps_the_operand_dtype ... ok
test cpu::ops::shape_ops::tests::broadcast_as_backward_unbroadcasts_to_original_shape ... ok
test cpu::ops::shape_ops::tests::broadcast_as_through_trait_matches_direct_storage_call ... ok
test cpu::ops::shape_ops::tests::broadcast_left_backward_unbroadcasts_to_original_shape ... ok
test cpu::ops::shape_ops::tests::broadcast_left_prepends_multiple_new_leading_dims ... ok
test cpu::ops::shape_ops::tests::broadcast_left_prepends_single_new_leading_dim ... ok
test cpu::ops::shape_ops::tests::broadcast_left_through_trait_matches_direct_broadcast_as_call ... ok
test cpu::ops::shape_ops::tests::concat_backward_narrows_grad_to_each_inputs_own_shape_and_values ... ok
test cpu::ops::shape_ops::tests::concat_dim0_stacks_rows_in_input_order ... ok
test cpu::ops::shape_ops::tests::concat_dim1_interleaves_columns_by_row ... ok
test cpu::ops::shape_ops::tests::concat_dim_out_of_bounds_returns_err ... ok
test cpu::ops::shape_ops::tests::concat_empty_input_list_returns_err_not_panic ... ok
test cpu::ops::shape_ops::tests::concat_on_transposed_input_produces_correct_values_without_materializing ... ok
test cpu::ops::shape_ops::tests::concat_rejects_non_concat_axis_size_mismatch_even_when_broadcast_compatible ... ok
test cpu::ops::shape_ops::tests::flatten_all_dims_produces_1d_shape ... ok
test cpu::ops::shape_ops::tests::flatten_backward_reshapes_grad_to_original_shape ... ok
test cpu::ops::shape_ops::tests::flatten_merges_middle_dims ... ok
test cpu::ops::shape_ops::tests::float_to_scalar_reads_single_element ... ok
test cpu::ops::shape_ops::tests::float_to_vec1_reads_all_elements_row_major ... ok
test cpu::ops::shape_ops::tests::group_norm_statistics_are_per_sample_not_across_the_batch ... ok
test cpu::ops::shape_ops::tests::instance_norm_normalizes_each_channel_of_each_sample_alone ... ok
test cpu::ops::shape_ops::tests::matmul_dispatch_rank2_matches_matmul_impl_directly ... ok
test cpu::ops::shape_ops::tests::matmul_dispatch_rank3_matches_batched_matmul_impl_directly ... ok
test cpu::ops::shape_ops::tests::matmul_via_trensor_ops_delegates_to_matmul_impl ... ok
test cpu::ops::shape_ops::tests::narrow_backward_zero_pads_grad_to_original_shape ... ok
test cpu::ops::shape_ops::tests::narrow_on_transposed_input_produces_correct_values_without_materializing ... ok
test cpu::ops::shape_ops::tests::narrow_out_of_bounds_returns_err_not_panic ... ok
test cpu::ops::shape_ops::tests::narrow_through_trait_matches_direct_storage_call ... ok
test cpu::ops::shape_ops::tests::reshape_backward_reshapes_grad_back_to_original_shape ... ok
test cpu::ops::shape_ops::tests::reshape_through_trait_matches_direct_storage_call ... ok
test cpu::ops::shape_ops::tests::slice_backward_zero_pads_grad_to_original_shape ... ok
test cpu::ops::shape_ops::tests::slice_matches_manual_sequential_narrow_calls ... ok
test cpu::ops::shape_ops::tests::slice_on_transposed_input_across_multiple_dims_produces_correct_values ... ok
test cpu::ops::shape_ops::tests::slice_out_of_bounds_range_returns_err_not_panic ... ok
test cpu::ops::shape_ops::tests::squeeze_backward_reshapes_grad_to_original_shape ... ok
test cpu::ops::shape_ops::tests::squeeze_on_non_one_sized_axis_returns_shape_mismatch ... ok
test cpu::ops::shape_ops::tests::squeeze_removes_size_one_axis_and_preserves_values ... ok
test cpu::ops::shape_ops::tests::stack_backward_narrows_and_squeezes_grad_to_original_shape ... ok
test cpu::ops::shape_ops::tests::stack_dim0_inserts_new_leading_axis ... ok
test cpu::ops::shape_ops::tests::stack_dim_equal_to_rank_appends_new_trailing_axis ... ok
test cpu::ops::shape_ops::tests::stack_empty_input_list_returns_err_not_panic ... ok
test cpu::ops::shape_ops::tests::stack_rejects_mismatched_shapes ... ok
test cpu::ops::shape_ops::tests::transpose_backward_reapplies_same_transpose ... ok
test cpu::ops::shape_ops::tests::transpose_through_trait_matches_direct_storage_call ... ok
test cpu::ops::shape_ops::tests::unsupported_methods_return_typed_error_not_silent_placeholder ... ok
test cpu::storage::tests::broadcast_as_expands_and_shares_buffer ... ok
test cpu::storage::tests::checked_integer_readback_preserves_integer_values ... ok
test cpu::storage::tests::checked_integer_readback_rejects_lossy_float_values ... ok
test cpu::storage::tests::from_contiguous_has_expected_shape_and_strides ... ok
test cpu::storage::tests::narrow_boundary_values_succeed ... ok
test cpu::storage::tests::narrow_contiguous_shares_buffer_and_slices_correct_values ... ok
test cpu::storage::tests::narrow_dim_out_of_range_errors ... ok
test cpu::storage::tests::narrow_on_transposed_view_reads_correct_values_without_materializing ... ok
test cpu::storage::tests::narrow_out_of_bounds_length_errors ... ok
test cpu::storage::tests::reshape_contiguous_shares_buffer_and_gets_new_id ... ok
test cpu::storage::tests::reshape_non_contiguous_materializes_then_reshapes ... ok
test cpu::storage::tests::scatter_into_zeros_1d_case ... ok
test cpu::storage::tests::scatter_into_zeros_full_overlap_matches_values_exactly ... ok
test cpu::storage::tests::scatter_into_zeros_partial_overlap_writes_only_target_region ... ok
test cpu::storage::tests::scatter_into_zeros_returns_fresh_buffer_not_sharing_values_rc ... ok
test cpu::storage::tests::tensor_id_never_repeats_across_many_calls ... ok
test cpu::storage::tests::transpose_shares_buffer_and_swaps_shape_strides ... ok
test cpu::storage::tests::transposed_view_reads_correct_values_without_contiguous_call ... ok
test cpu::stride::tests::is_contiguous_false_for_transposed_strides ... ok
test cpu::stride::tests::is_contiguous_true_for_fresh_strides ... ok
test cpu::stride::tests::numel_for_a_dynamic_shape_matches_checked_numel ... ok
test cpu::stride::tests::numel_for_a_static_shape_reads_the_type_level_constant ... ok
test cpu::tape::tests::a_non_finite_gradient_is_returned_rather_than_panicked ... ok
test cpu::tape::tests::backward_accumulates_not_overwrites_on_tensor_reuse ... ok
test cpu::tape::tests::backward_drains_tape_and_second_call_is_not_contaminated ... ok
test cpu::tape::tests::backward_seeds_loss_gradient_with_ones ... ok
test cpu::tape::tests::tape_len_is_zero_immediately_after_any_backward_call ... ok
test cpu::tape::tests::unbroadcast_bias_vector_b_n_to_n ... ok
test cpu::tape::tests::unbroadcast_same_shape_is_noop ... ok
test cpu::tape::tests::unbroadcast_scalar_target_sums_all_axes ... ok
test cpu::typed_kernel::tests::test_typed_kernel_binary_f64 ... ok
test cpu::typed_kernel::tests::test_typed_kernel_f16_bf16 ... ok
test cpu::typed_kernel::tests::test_typed_kernel_unary_f32 ... ok
test cpu::var::tests::assign_var_replaces_value_and_subsequent_read_reflects_it ... ok
test cpu::var::tests::two_sequential_assign_var_calls_each_succeed_and_final_read_reflects_second ... ok
test cpu::var::tests::var_as_tensor_does_not_hold_live_borrow_across_assign_var ... ok
test cpu::var::tests::var_as_tensor_returns_clone_of_current_value ... ok
test detect::tests::a_family_that_is_not_compiled_in_is_never_detected ... ok
test detect::tests::an_empty_preference_still_yields_the_cpu ... ok
test detect::tests::detection_agrees_with_itself ... ok
test detect::tests::detection_always_yields_a_runnable_device ... ok
test detect::tests::preference_order_is_honored ... ok
test detect::tests::probing_repeatedly_from_several_threads_is_survivable ... ok
test iteration::tests::broadcast_axes_become_zero_stride ... ok
test iteration::tests::coalesces_only_axes_contiguous_for_every_operand ... ok
test iteration::tests::contiguous_operands_keep_their_strides ... ok
test iteration::tests::empty_iteration_has_no_physical_index ... ok
test iteration::tests::incompatible_shapes_are_rejected ... ok
test iteration::tests::non_contiguous_strides_and_offsets_are_preserved ... ok
test iteration::tests::unary_plan_preserves_view_metadata_and_checks_bounds ... ok
test iteration::tests::unit_axes_are_removed_regardless_of_stride ... ok
test layout::tests::broadcast_shape_both_expand ... ok
test layout::tests::broadcast_shape_incompatible_errors ... ok
test layout::tests::broadcast_shape_preserves_zero_extent ... ok
test layout::tests::broadcast_shape_right_aligned_leading_dim_insert ... ok
test layout::tests::broadcast_shape_scalar_broadcast ... ok
test layout::tests::contiguous_strides_row_major ... ok
test layout::tests::contiguous_strides_scalar ... ok
test layout::tests::increment_index_carries_across_axes ... ok
test layout::tests::increment_index_wraps_at_the_end ... ok
test quant::tests::block_matches_the_dtype_tables_block_size ... ok

test result: ok. 322 passed; 0 failed; 3 ignored; 0 measured; 7 filtered out; finished in 820.11s

