info: running `cargo check --all-features` on incin-core (1/769)
    Checking once_cell v1.21.4
    Checking ahash v0.8.12
    Checking hashbrown v0.14.5
    Checking incin-core v0.0.0 (/home/xupremix/Projects/incin/crates/incin-core)
warning: unused import: `alloc::vec`
 --> crates/incin-core/src/compiled/artifact.rs:5:5
  |
5 | use alloc::vec;
  |     ^^^^^^^^^^
  |
  = note: `#[warn(unused_imports)]` (part of `#[warn(unused)]`) on by default

warning: unused import: `CapturedNode`
 --> crates/incin-core/src/compiled/fusion.rs:5:47
  |
5 | use crate::compiled::capture::{CapturedGraph, CapturedNode};
  |                                               ^^^^^^^^^^^^

warning: unused import: `alloc::string::String`
 --> crates/incin-core/src/compiled/plan.rs:4:5
  |
4 | use alloc::string::String;
  |     ^^^^^^^^^^^^^^^^^^^^^

warning: unused import: `SymbolEnvironment`
  --> crates/incin-core/src/compiled/plan.rs:12:57
   |
12 |     DimExpr, LayoutClass, OperationIdentity, ShapeExpr, SymbolEnvironment, SymbolTable,
   |                                                         ^^^^^^^^^^^^^^^^^

warning: function `export_captured_to_onnx` is never used
   --> crates/incin-core/src/onnx_exporter.rs:116:8
    |
116 | pub fn export_captured_to_onnx(graph: &CapturedGraph, path: &Path) -> anyhow::Result<()> {
    |        ^^^^^^^^^^^^^^^^^^^^^^^
    |
    = note: `#[warn(dead_code)]` (part of `#[warn(unused)]`) on by default

warning: `incin-core` (lib) generated 5 warnings (run `cargo fix --lib -p incin-core` to apply 4 suggestions)
    Finished `dev` profile [unoptimized] target(s) in 7.81s

info: running `cargo check --no-default-features` on incin-core (2/769)
   Compiling serde_core v1.0.228
   Compiling serde v1.0.228
   Compiling anyhow v1.0.103
   Compiling thiserror v2.0.18
    Checking bytes v1.12.0
   Compiling incin-core v0.0.0 (/home/xupremix/Projects/incin/crates/incin-core)
    Checking spin v0.9.8
    Checking prost v0.14.4
    Checking hashbrown v0.14.5
warning: unused imports: `Error` and `Result`
 --> crates/incin-core/src/serialize.rs:1:18
  |
1 | use crate::err::{Error, Result};
  |                  ^^^^^  ^^^^^^
  |
  = note: `#[warn(unused_imports)]` (part of `#[warn(unused)]`) on by default

warning: unused imports: `StatePath`, `StateRole`, `StateSnapshot`, and `StateValue`
 --> crates/incin-core/src/serialize.rs:2:17
  |
2 | use crate::nn::{StatePath, StateRole, StateSnapshot, StateValue};
  |                 ^^^^^^^^^  ^^^^^^^^^  ^^^^^^^^^^^^^  ^^^^^^^^^^

warning: unused import: `crate::shapes::ShapeBuf`
 --> crates/incin-core/src/serialize.rs:3:5
  |
3 | use crate::shapes::ShapeBuf;
  |     ^^^^^^^^^^^^^^^^^^^^^^^

warning: unused import: `crate::tensor::backend::Backend`
 --> crates/incin-core/src/serialize.rs:4:5
  |
4 | use crate::tensor::backend::Backend;
  |     ^^^^^^^^^^^^^^^^^^^^^^^^^^^^^^^

warning: unused imports: `DTypeDescriptor` and `DTypeId`
 --> crates/incin-core/src/serialize.rs:5:28
  |
5 | use crate::tensor::dtype::{DTypeDescriptor, DTypeId};
  |                            ^^^^^^^^^^^^^^^  ^^^^^^^

warning: unused imports: `DeviceId` and `Device`
 --> crates/incin-core/src/serialize.rs:6:30
  |
6 | use crate::tensor::prelude::{Device, DeviceId};
  |                              ^^^^^^  ^^^^^^^^

warning: unused imports: `collections::BTreeMap`, `string::String`, and `vec::Vec`
 --> crates/incin-core/src/serialize.rs:7:13
  |
7 | use alloc::{collections::BTreeMap, string::String, vec::Vec};
  |             ^^^^^^^^^^^^^^^^^^^^^  ^^^^^^^^^^^^^^  ^^^^^^^^

warning: `incin-core` (lib) generated 7 warnings (run `cargo fix --lib -p incin-core` to apply 7 suggestions)
    Finished `dev` profile [unoptimized] target(s) in 7.55s

info: running `cargo check --no-default-features --features compiled` on incin-core (3/769)
   Compiling incin-core v0.0.0 (/home/xupremix/Projects/incin/crates/incin-core)
warning: unused import: `alloc::vec`
 --> crates/incin-core/src/compiled/artifact.rs:5:5
  |
5 | use alloc::vec;
  |     ^^^^^^^^^^
  |
  = note: `#[warn(unused_imports)]` (part of `#[warn(unused)]`) on by default

warning: unused import: `alloc::vec::Vec`
 --> crates/incin-core/src/compiled/artifact.rs:6:5
  |
6 | use alloc::vec::Vec;
  |     ^^^^^^^^^^^^^^^

warning: unused import: `CapturedNode`
 --> crates/incin-core/src/compiled/fusion.rs:5:47
  |
5 | use crate::compiled::capture::{CapturedGraph, CapturedNode};
  |                                               ^^^^^^^^^^^^

warning: unused import: `alloc::string::String`
 --> crates/incin-core/src/compiled/plan.rs:4:5
  |
4 | use alloc::string::String;
  |     ^^^^^^^^^^^^^^^^^^^^^

warning: unused import: `SymbolEnvironment`
  --> crates/incin-core/src/compiled/plan.rs:12:57
   |
12 |     DimExpr, LayoutClass, OperationIdentity, ShapeExpr, SymbolEnvironment, SymbolTable,
   |                                                         ^^^^^^^^^^^^^^^^^

warning: unused imports: `Error` and `Result`
 --> crates/incin-core/src/serialize.rs:1:18
  |
1 | use crate::err::{Error, Result};
  |                  ^^^^^  ^^^^^^

warning: unused imports: `StatePath`, `StateRole`, `StateSnapshot`, and `StateValue`
 --> crates/incin-core/src/serialize.rs:2:17
  |
2 | use crate::nn::{StatePath, StateRole, StateSnapshot, StateValue};
  |                 ^^^^^^^^^  ^^^^^^^^^  ^^^^^^^^^^^^^  ^^^^^^^^^^

warning: unused import: `crate::shapes::ShapeBuf`
 --> crates/incin-core/src/serialize.rs:3:5
  |
3 | use crate::shapes::ShapeBuf;
  |     ^^^^^^^^^^^^^^^^^^^^^^^

warning: unused import: `crate::tensor::backend::Backend`
 --> crates/incin-core/src/serialize.rs:4:5
  |
4 | use crate::tensor::backend::Backend;
  |     ^^^^^^^^^^^^^^^^^^^^^^^^^^^^^^^

warning: unused imports: `DTypeDescriptor` and `DTypeId`
 --> crates/incin-core/src/serialize.rs:5:28
  |
5 | use crate::tensor::dtype::{DTypeDescriptor, DTypeId};
  |                            ^^^^^^^^^^^^^^^  ^^^^^^^

warning: unused imports: `DeviceId` and `Device`
 --> crates/incin-core/src/serialize.rs:6:30
  |
6 | use crate::tensor::prelude::{Device, DeviceId};
  |                              ^^^^^^  ^^^^^^^^

warning: unused imports: `collections::BTreeMap`, `string::String`, and `vec::Vec`
 --> crates/incin-core/src/serialize.rs:7:13
  |
7 | use alloc::{collections::BTreeMap, string::String, vec::Vec};
  |             ^^^^^^^^^^^^^^^^^^^^^  ^^^^^^^^^^^^^^  ^^^^^^^^

warning: function `adler32` is never used
  --> crates/incin-core/src/compiled/artifact.rs:63:4
   |
63 | fn adler32(data: &[u8]) -> u32 {
   |    ^^^^^^^
   |
   = note: `#[warn(dead_code)]` (part of `#[warn(unused)]`) on by default

warning: function `remove_axis` is never used
   --> crates/incin-core/src/compiled/plan.rs:695:4
    |
695 | fn remove_axis(input: &ShapeExpr, axis: usize) -> ShapeExpr {
    |    ^^^^^^^^^^^

warning: function `keep_axis` is never used
   --> crates/incin-core/src/compiled/plan.rs:704:4
    |
704 | fn keep_axis(input: &ShapeExpr, axis: usize) -> ShapeExpr {
    |    ^^^^^^^^^

warning: function `flatten_symbolic` is never used
   --> crates/incin-core/src/compiled/plan.rs:761:4
    |
761 | fn flatten_symbolic(input: &ShapeExpr, start: usize, end: usize) -> ShapeExpr {
    |    ^^^^^^^^^^^^^^^^

warning: function `linear_shape` is never used
   --> crates/incin-core/src/compiled/plan.rs:779:4
    |
779 | fn linear_shape(input: &ShapeExpr, weight: &ShapeExpr) -> ShapeExpr {
    |    ^^^^^^^^^^^^

warning: `incin-core` (lib) generated 17 warnings (run `cargo fix --lib -p incin-core` to apply 12 suggestions)
    Finished `dev` profile [unoptimized] target(s) in 6.24s

info: running `cargo check --no-default-features --features cuda` on incin-core (4/769)
   Compiling incin-core v0.0.0 (/home/xupremix/Projects/incin/crates/incin-core)
warning: unused imports: `Error` and `Result`
 --> crates/incin-core/src/serialize.rs:1:18
  |
1 | use crate::err::{Error, Result};
  |                  ^^^^^  ^^^^^^
  |
  = note: `#[warn(unused_imports)]` (part of `#[warn(unused)]`) on by default

warning: unused imports: `StatePath`, `StateRole`, `StateSnapshot`, and `StateValue`
 --> crates/incin-core/src/serialize.rs:2:17
  |
2 | use crate::nn::{StatePath, StateRole, StateSnapshot, StateValue};
  |                 ^^^^^^^^^  ^^^^^^^^^  ^^^^^^^^^^^^^  ^^^^^^^^^^

warning: unused import: `crate::shapes::ShapeBuf`
 --> crates/incin-core/src/serialize.rs:3:5
  |
3 | use crate::shapes::ShapeBuf;
  |     ^^^^^^^^^^^^^^^^^^^^^^^

warning: unused import: `crate::tensor::backend::Backend`
 --> crates/incin-core/src/serialize.rs:4:5
  |
4 | use crate::tensor::backend::Backend;
  |     ^^^^^^^^^^^^^^^^^^^^^^^^^^^^^^^

warning: unused imports: `DTypeDescriptor` and `DTypeId`
 --> crates/incin-core/src/serialize.rs:5:28
  |
5 | use crate::tensor::dtype::{DTypeDescriptor, DTypeId};
  |                            ^^^^^^^^^^^^^^^  ^^^^^^^

warning: unused imports: `DeviceId` and `Device`
 --> crates/incin-core/src/serialize.rs:6:30
  |
6 | use crate::tensor::prelude::{Device, DeviceId};
  |                              ^^^^^^  ^^^^^^^^

warning: unused imports: `collections::BTreeMap`, `string::String`, and `vec::Vec`
 --> crates/incin-core/src/serialize.rs:7:13
  |
7 | use alloc::{collections::BTreeMap, string::String, vec::Vec};
  |             ^^^^^^^^^^^^^^^^^^^^^  ^^^^^^^^^^^^^^  ^^^^^^^^

warning: `incin-core` (lib) generated 7 warnings (run `cargo fix --lib -p incin-core` to apply 7 suggestions)
    Finished `dev` profile [unoptimized] target(s) in 6.27s

info: running `cargo check --no-default-features --features compiled,cuda` on incin-core (5/769)
   Compiling incin-core v0.0.0 (/home/xupremix/Projects/incin/crates/incin-core)
warning: unused import: `alloc::vec`
 --> crates/incin-core/src/compiled/artifact.rs:5:5
  |
5 | use alloc::vec;
  |     ^^^^^^^^^^
  |
  = note: `#[warn(unused_imports)]` (part of `#[warn(unused)]`) on by default

warning: unused import: `alloc::vec::Vec`
 --> crates/incin-core/src/compiled/artifact.rs:6:5
  |
6 | use alloc::vec::Vec;
  |     ^^^^^^^^^^^^^^^

warning: unused import: `CapturedNode`
 --> crates/incin-core/src/compiled/fusion.rs:5:47
  |
5 | use crate::compiled::capture::{CapturedGraph, CapturedNode};
  |                                               ^^^^^^^^^^^^

warning: unused import: `alloc::string::String`
 --> crates/incin-core/src/compiled/plan.rs:4:5
  |
4 | use alloc::string::String;
  |     ^^^^^^^^^^^^^^^^^^^^^

warning: unused import: `SymbolEnvironment`
  --> crates/incin-core/src/compiled/plan.rs:12:57
   |
12 |     DimExpr, LayoutClass, OperationIdentity, ShapeExpr, SymbolEnvironment, SymbolTable,
   |                                                         ^^^^^^^^^^^^^^^^^

warning: unused imports: `Error` and `Result`
 --> crates/incin-core/src/serialize.rs:1:18
  |
1 | use crate::err::{Error, Result};
  |                  ^^^^^  ^^^^^^

warning: unused imports: `StatePath`, `StateRole`, `StateSnapshot`, and `StateValue`
 --> crates/incin-core/src/serialize.rs:2:17
  |
2 | use crate::nn::{StatePath, StateRole, StateSnapshot, StateValue};
  |                 ^^^^^^^^^  ^^^^^^^^^  ^^^^^^^^^^^^^  ^^^^^^^^^^

warning: unused import: `crate::shapes::ShapeBuf`
 --> crates/incin-core/src/serialize.rs:3:5
  |
3 | use crate::shapes::ShapeBuf;
  |     ^^^^^^^^^^^^^^^^^^^^^^^

warning: unused import: `crate::tensor::backend::Backend`
 --> crates/incin-core/src/serialize.rs:4:5
  |
4 | use crate::tensor::backend::Backend;
  |     ^^^^^^^^^^^^^^^^^^^^^^^^^^^^^^^

warning: unused imports: `DTypeDescriptor` and `DTypeId`
 --> crates/incin-core/src/serialize.rs:5:28
  |
5 | use crate::tensor::dtype::{DTypeDescriptor, DTypeId};
  |                            ^^^^^^^^^^^^^^^  ^^^^^^^

warning: unused imports: `DeviceId` and `Device`
 --> crates/incin-core/src/serialize.rs:6:30
  |
6 | use crate::tensor::prelude::{Device, DeviceId};
  |                              ^^^^^^  ^^^^^^^^

warning: unused imports: `collections::BTreeMap`, `string::String`, and `vec::Vec`
 --> crates/incin-core/src/serialize.rs:7:13
  |
7 | use alloc::{collections::BTreeMap, string::String, vec::Vec};
  |             ^^^^^^^^^^^^^^^^^^^^^  ^^^^^^^^^^^^^^  ^^^^^^^^

warning: function `adler32` is never used
  --> crates/incin-core/src/compiled/artifact.rs:63:4
   |
63 | fn adler32(data: &[u8]) -> u32 {
   |    ^^^^^^^
   |
   = note: `#[warn(dead_code)]` (part of `#[warn(unused)]`) on by default

warning: function `remove_axis` is never used
   --> crates/incin-core/src/compiled/plan.rs:695:4
    |
695 | fn remove_axis(input: &ShapeExpr, axis: usize) -> ShapeExpr {
    |    ^^^^^^^^^^^

warning: function `keep_axis` is never used
   --> crates/incin-core/src/compiled/plan.rs:704:4
    |
704 | fn keep_axis(input: &ShapeExpr, axis: usize) -> ShapeExpr {
    |    ^^^^^^^^^

warning: function `flatten_symbolic` is never used
   --> crates/incin-core/src/compiled/plan.rs:761:4
    |
761 | fn flatten_symbolic(input: &ShapeExpr, start: usize, end: usize) -> ShapeExpr {
    |    ^^^^^^^^^^^^^^^^

warning: function `linear_shape` is never used
   --> crates/incin-core/src/compiled/plan.rs:779:4
    |
779 | fn linear_shape(input: &ShapeExpr, weight: &ShapeExpr) -> ShapeExpr {
    |    ^^^^^^^^^^^^

warning: `incin-core` (lib) generated 17 warnings (run `cargo fix --lib -p incin-core` to apply 12 suggestions)
    Finished `dev` profile [unoptimized] target(s) in 6.31s

info: running `cargo check --no-default-features --features default` on incin-core (6/769)
   Compiling incin-core v0.0.0 (/home/xupremix/Projects/incin/crates/incin-core)
