large-file inventory checks passed (25 files)
architecture checks passed
architecture_exit=0
Incin core dependency edges (crate::<module> references)
compiled         -> backend_authoring    1
compiled         -> err                 9
compiled         -> exec               46
compiled         -> graph               7
compiled         -> resource            2
compiled         -> shapes             43
compiled         -> tensor              2
crate            -> SeqTy               1
crate            -> compiled            1
crate            -> dim                 1
crate            -> dist                1
crate            -> distributions       2
crate            -> err                 2
crate            -> exec                5
crate            -> graph               1
crate            -> io                  1
crate            -> metrics             1
crate            -> nn                  4
crate            -> onnx_exporter       1
crate            -> optim               2
crate            -> seq                 1
crate            -> serialize           2
crate            -> shapes              2
crate            -> tensor              9
dist             -> exec                7
dist             -> shapes             15
dist             -> tensor              7
distributions    -> backend_authoring    1
distributions    -> err                 1
distributions    -> exec                5
distributions    -> shapes              6
distributions    -> tensor             10
err              -> exec               16
err              -> shapes              6
err              -> tensor              9
exec             -> backend_authoring    1
exec             -> dim                 1
exec             -> dist                1
exec             -> err                 5
exec             -> graph              13
exec             -> shapes             80
exec             -> tensor             17
graph            -> err                 1
graph            -> exec               49
graph            -> shapes              2
graph            -> tensor              2
graph_recording  -> graph               1
io               -> dist                1
io               -> err                 3
io               -> exec                3
io               -> nn                  4
io               -> resource            7
io               -> shapes              4
io               -> tensor              7
nn               -> SeqTy               3
nn               -> backend_authoring   19
nn               -> dist               16
nn               -> err                51
nn               -> exec               98
nn               -> io                  1
nn               -> seq                 1
nn               -> serialize           3
nn               -> shapes            188
nn               -> tensor            341
nn               -> test_utils          1
onnx_exporter    -> compiled            1
onnx_exporter    -> err                 1
onnx_exporter    -> exec                2
onnx_exporter    -> graph               3
onnx_exporter    -> onnx_pb             1
onnx_exporter    -> shapes              3
onnx_exporter    -> tensor              8
optim            -> autograd            1
optim            -> dist                1
optim            -> err                 1
optim            -> exec                9
optim            -> nn                  2
optim            -> shapes              2
optim            -> tensor             11
resource         -> err                 1
serialize        -> err                 1
serialize        -> nn                  6
serialize        -> shapes              3
serialize        -> tensor              9
shapes           -> __incin_dim_declare    3
shapes           -> err                25
shapes           -> resource            4
shapes           -> typenum             4
tensor           -> autograd            5
tensor           -> backend_authoring    6
tensor           -> best_device         1
tensor           -> dist               23
tensor           -> err               189
tensor           -> exec              191
tensor           -> graph_recording     2
tensor           -> resource            1
tensor           -> shapes            313

dependency check passed
dependencies_exit=0
large-file inventory checks passed (25 files)
large_files_exit=0
public API checks passed
public_api_exit=0
