COMMAND: git rev-parse HEAD && git status --short && git log -5 --oneline --decorate
WORKING DIRECTORY: /home/xupremix/Projects/incin
FEATURES/ENVIRONMENT: RUSTFLAGS=<unset> RUSTDOCFLAGS=<unset> TRYBUILD=<unset> INCIN_DOCS=<unset>
START: 2026-08-03T07:21:01+02:00
COMMIT: 2eb7fe7200b2bdfd713ef1c50419a182dc696e02
FULL OUTPUT: audit-evidence/FND-004/test-results/initial-state.txt
END: 2026-08-03T07:21:01+02:00
EXIT CODE: 0

COMMAND: graphify query "For FND-004, inventory every stable public semantic tensor operation, exact OperationKind identities, descriptor/spec types and validation/inference, catalog and capability sources, tracing/capture representations, backend Execute implementations, and every legacy operation-family trait method that must map to a descriptor."
WORKING DIRECTORY: /home/xupremix/Projects/incin
FEATURES/ENVIRONMENT: RUSTFLAGS=<unset> RUSTDOCFLAGS=<unset> TRYBUILD=<unset> INCIN_DOCS=<unset>
START: 2026-08-03T07:21:01+02:00
COMMIT: 2eb7fe7200b2bdfd713ef1c50419a182dc696e02
FULL OUTPUT: audit-evidence/FND-004/test-results/graphify-query.txt
END: 2026-08-03T07:21:02+02:00
EXIT CODE: 0

COMMAND: rg -n '^\\s*(pub )?fn [a-zA-Z0-9_]+' crates/incin-core/src/tensor crates/incin-core/src/nn crates/incin-core/src/optim --glob '*.rs'
WORKING DIRECTORY: /home/xupremix/Projects/incin
FEATURES/ENVIRONMENT: RUSTFLAGS=<unset> RUSTDOCFLAGS=<unset> TRYBUILD=<unset> INCIN_DOCS=<unset>
START: 2026-08-03T07:21:02+02:00
COMMIT: 2eb7fe7200b2bdfd713ef1c50419a182dc696e02
FULL OUTPUT: audit-evidence/FND-004/test-results/operation-surface-inventory.txt
END: 2026-08-03T07:21:02+02:00
EXIT CODE: 1

COMMAND: sed -n '1,980p' crates/incin-core/src/tensor/backend.rs
WORKING DIRECTORY: /home/xupremix/Projects/incin
FEATURES/ENVIRONMENT: RUSTFLAGS=<unset> RUSTDOCFLAGS=<unset> TRYBUILD=<unset> INCIN_DOCS=<unset>
START: 2026-08-03T07:21:02+02:00
COMMIT: 2eb7fe7200b2bdfd713ef1c50419a182dc696e02
FULL OUTPUT: audit-evidence/FND-004/test-results/legacy-trait-inventory.txt
END: 2026-08-03T07:21:02+02:00
EXIT CODE: 0

COMMAND: rg -n 'OperationKind|OperationSpec|struct [A-Za-z0-9_]+Spec|impl Execute<' crates/incin-core/src crates/incin-backends/src --glob '*.rs'
WORKING DIRECTORY: /home/xupremix/Projects/incin
FEATURES/ENVIRONMENT: RUSTFLAGS=<unset> RUSTDOCFLAGS=<unset> TRYBUILD=<unset> INCIN_DOCS=<unset>
START: 2026-08-03T07:21:02+02:00
COMMIT: 2eb7fe7200b2bdfd713ef1c50419a182dc696e02
FULL OUTPUT: audit-evidence/FND-004/test-results/descriptor-inventory.txt
END: 2026-08-03T07:21:02+02:00
EXIT CODE: 0


COMMAND: cargo fmt --all -- --check
WORKING DIRECTORY: /home/xupremix/Projects/incin
FEATURES/ENVIRONMENT: RUSTFLAGS=<unset> RUSTDOCFLAGS=<unset> TRYBUILD=<unset> INCIN_DOCS=<unset>
START: 2026-08-03T08:41:56+02:00
COMMIT: 2eb7fe7200b2bdfd713ef1c50419a182dc696e02
FULL OUTPUT: audit-evidence/FND-004/test-results/fmt-workspace-final.txt
END: 2026-08-03T08:41:57+02:00
EXIT CODE: 1

COMMAND: git diff --name-only -- '*.rs' | xargs rustfmt --edition 2024 --check --config skip_children=true
WORKING DIRECTORY: /home/xupremix/Projects/incin
FEATURES/ENVIRONMENT: RUSTFLAGS=<unset> RUSTDOCFLAGS=<unset> TRYBUILD=<unset> INCIN_DOCS=<unset>
START: 2026-08-03T08:41:57+02:00
COMMIT: 2eb7fe7200b2bdfd713ef1c50419a182dc696e02
FULL OUTPUT: audit-evidence/FND-004/test-results/fmt-focused-final.txt
END: 2026-08-03T08:41:57+02:00
EXIT CODE: 0

COMMAND: git diff --check
WORKING DIRECTORY: /home/xupremix/Projects/incin
FEATURES/ENVIRONMENT: RUSTFLAGS=<unset> RUSTDOCFLAGS=<unset> TRYBUILD=<unset> INCIN_DOCS=<unset>
START: 2026-08-03T08:41:57+02:00
COMMIT: 2eb7fe7200b2bdfd713ef1c50419a182dc696e02
FULL OUTPUT: audit-evidence/FND-004/test-results/diff-check-final.txt
END: 2026-08-03T08:41:57+02:00
EXIT CODE: 0

COMMAND: cargo check -p incin-core --no-default-features
WORKING DIRECTORY: /home/xupremix/Projects/incin
FEATURES/ENVIRONMENT: RUSTFLAGS=<unset> RUSTDOCFLAGS=<unset> TRYBUILD=<unset> INCIN_DOCS=<unset>
START: 2026-08-03T08:41:57+02:00
COMMIT: 2eb7fe7200b2bdfd713ef1c50419a182dc696e02
FULL OUTPUT: audit-evidence/FND-004/test-results/check-core-no-default-final.txt
END: 2026-08-03T08:42:02+02:00
EXIT CODE: 0

COMMAND: cargo check -p incin-core --no-default-features --features std
WORKING DIRECTORY: /home/xupremix/Projects/incin
FEATURES/ENVIRONMENT: RUSTFLAGS=<unset> RUSTDOCFLAGS=<unset> TRYBUILD=<unset> INCIN_DOCS=<unset>
START: 2026-08-03T08:42:02+02:00
COMMIT: 2eb7fe7200b2bdfd713ef1c50419a182dc696e02
FULL OUTPUT: audit-evidence/FND-004/test-results/check-core-std-final.txt
END: 2026-08-03T08:42:07+02:00
EXIT CODE: 0

COMMAND: cargo check -p incin --no-default-features
WORKING DIRECTORY: /home/xupremix/Projects/incin
FEATURES/ENVIRONMENT: RUSTFLAGS=<unset> RUSTDOCFLAGS=<unset> TRYBUILD=<unset> INCIN_DOCS=<unset>
START: 2026-08-03T08:42:07+02:00
COMMIT: 2eb7fe7200b2bdfd713ef1c50419a182dc696e02
FULL OUTPUT: audit-evidence/FND-004/test-results/check-facade-no-default-final.txt
END: 2026-08-03T08:42:12+02:00
EXIT CODE: 0

COMMAND: cargo check -p incin --no-default-features --features std
WORKING DIRECTORY: /home/xupremix/Projects/incin
FEATURES/ENVIRONMENT: RUSTFLAGS=<unset> RUSTDOCFLAGS=<unset> TRYBUILD=<unset> INCIN_DOCS=<unset>
START: 2026-08-03T08:42:12+02:00
COMMIT: 2eb7fe7200b2bdfd713ef1c50419a182dc696e02
FULL OUTPUT: audit-evidence/FND-004/test-results/check-facade-std-final.txt
END: 2026-08-03T08:42:17+02:00
EXIT CODE: 0

COMMAND: cargo check -p incin --features cpu
WORKING DIRECTORY: /home/xupremix/Projects/incin
FEATURES/ENVIRONMENT: RUSTFLAGS=<unset> RUSTDOCFLAGS=<unset> TRYBUILD=<unset> INCIN_DOCS=<unset>
START: 2026-08-03T08:42:17+02:00
COMMIT: 2eb7fe7200b2bdfd713ef1c50419a182dc696e02
FULL OUTPUT: audit-evidence/FND-004/test-results/check-facade-cpu-final.txt
END: 2026-08-03T08:42:19+02:00
EXIT CODE: 0

COMMAND: cargo check --workspace
WORKING DIRECTORY: /home/xupremix/Projects/incin
FEATURES/ENVIRONMENT: RUSTFLAGS=<unset> RUSTDOCFLAGS=<unset> TRYBUILD=<unset> INCIN_DOCS=<unset>
START: 2026-08-03T08:42:19+02:00
COMMIT: 2eb7fe7200b2bdfd713ef1c50419a182dc696e02
FULL OUTPUT: audit-evidence/FND-004/test-results/check-workspace-final.txt
END: 2026-08-03T08:42:23+02:00
EXIT CODE: 0

COMMAND: cargo clippy --workspace --all-targets -- -D warnings
WORKING DIRECTORY: /home/xupremix/Projects/incin
FEATURES/ENVIRONMENT: RUSTFLAGS=<unset> RUSTDOCFLAGS=<unset> TRYBUILD=<unset> INCIN_DOCS=<unset>
START: 2026-08-03T08:42:23+02:00
COMMIT: 2eb7fe7200b2bdfd713ef1c50419a182dc696e02
FULL OUTPUT: audit-evidence/FND-004/test-results/clippy-workspace-final.txt
END: 2026-08-03T08:42:23+02:00
EXIT CODE: 0

COMMAND: cargo test -p incin-core --lib exec:: -- --nocapture
WORKING DIRECTORY: /home/xupremix/Projects/incin
FEATURES/ENVIRONMENT: RUSTFLAGS=<unset> RUSTDOCFLAGS=<unset> TRYBUILD=<unset> INCIN_DOCS=<unset>
START: 2026-08-03T08:42:40+02:00
COMMIT: 2eb7fe7200b2bdfd713ef1c50419a182dc696e02
FULL OUTPUT: audit-evidence/FND-004/test-results/core-exec-tests-final.txt
END: 2026-08-03T08:42:47+02:00
EXIT CODE: 0

COMMAND: cargo test -p incin-backends --lib capability::catalog_tests -- --nocapture
WORKING DIRECTORY: /home/xupremix/Projects/incin
FEATURES/ENVIRONMENT: RUSTFLAGS=<unset> RUSTDOCFLAGS=<unset> TRYBUILD=<unset> INCIN_DOCS=<unset>
START: 2026-08-03T08:42:47+02:00
COMMIT: 2eb7fe7200b2bdfd713ef1c50419a182dc696e02
FULL OUTPUT: audit-evidence/FND-004/test-results/capability-catalog-tests-final.txt
END: 2026-08-03T08:42:52+02:00
EXIT CODE: 0

COMMAND: cargo test -p incin-backends --features cpu --test capability_matrix -- --nocapture
WORKING DIRECTORY: /home/xupremix/Projects/incin
FEATURES/ENVIRONMENT: RUSTFLAGS=<unset> RUSTDOCFLAGS=<unset> TRYBUILD=<unset> INCIN_DOCS=<unset>
START: 2026-08-03T08:42:52+02:00
COMMIT: 2eb7fe7200b2bdfd713ef1c50419a182dc696e02
FULL OUTPUT: audit-evidence/FND-004/test-results/capability-matrix-final.txt
END: 2026-08-03T08:42:53+02:00
EXIT CODE: 0

COMMAND: cargo test -p incin-core --test generated_operation_semantics -- --nocapture
WORKING DIRECTORY: /home/xupremix/Projects/incin
FEATURES/ENVIRONMENT: RUSTFLAGS=<unset> RUSTDOCFLAGS=<unset> TRYBUILD=<unset> INCIN_DOCS=<unset>
START: 2026-08-03T08:42:53+02:00
COMMIT: 2eb7fe7200b2bdfd713ef1c50419a182dc696e02
FULL OUTPUT: audit-evidence/FND-004/test-results/generated-operation-docs-final.txt
END: 2026-08-03T08:42:54+02:00
EXIT CODE: 0

COMMAND: cargo test -p incin-backends --test generated_docs -- --nocapture
WORKING DIRECTORY: /home/xupremix/Projects/incin
FEATURES/ENVIRONMENT: RUSTFLAGS=<unset> RUSTDOCFLAGS=<unset> TRYBUILD=<unset> INCIN_DOCS=<unset>
START: 2026-08-03T08:42:54+02:00
COMMIT: 2eb7fe7200b2bdfd713ef1c50419a182dc696e02
FULL OUTPUT: audit-evidence/FND-004/test-results/generated-capability-docs-final.txt
END: 2026-08-03T08:42:54+02:00
EXIT CODE: 0

COMMAND: cargo test -p incin-core --test compile_tests -- --nocapture
WORKING DIRECTORY: /home/xupremix/Projects/incin
FEATURES/ENVIRONMENT: RUSTFLAGS=<unset> RUSTDOCFLAGS=<unset> TRYBUILD=<unset> INCIN_DOCS=<unset>
START: 2026-08-03T08:42:54+02:00
COMMIT: 2eb7fe7200b2bdfd713ef1c50419a182dc696e02
FULL OUTPUT: audit-evidence/FND-004/test-results/compile-contract-final.txt
END: 2026-08-03T08:43:21+02:00
EXIT CODE: 0

COMMAND: cargo test -p incin --test facade_contract -- --nocapture
WORKING DIRECTORY: /home/xupremix/Projects/incin
FEATURES/ENVIRONMENT: RUSTFLAGS=<unset> RUSTDOCFLAGS=<unset> TRYBUILD=<unset> INCIN_DOCS=<unset>
START: 2026-08-03T08:43:21+02:00
COMMIT: 2eb7fe7200b2bdfd713ef1c50419a182dc696e02
FULL OUTPUT: audit-evidence/FND-004/test-results/facade-contract-final.txt
END: 2026-08-03T08:44:33+02:00
EXIT CODE: 0

COMMAND: cargo test --workspace
WORKING DIRECTORY: /home/xupremix/Projects/incin
FEATURES/ENVIRONMENT: RUSTFLAGS=<unset> RUSTDOCFLAGS=<unset> TRYBUILD=<unset> INCIN_DOCS=<unset>
START: 2026-08-03T08:44:33+02:00
COMMIT: 2eb7fe7200b2bdfd713ef1c50419a182dc696e02
FULL OUTPUT: audit-evidence/FND-004/test-results/workspace-tests-final.txt
END: 2026-08-03T08:45:24+02:00
EXIT CODE: 101

COMMAND: cargo test -p incin-backends --features wgpu --test capability_matrix -- --nocapture
WORKING DIRECTORY: /home/xupremix/Projects/incin
FEATURES/ENVIRONMENT: features=wgpu RUSTFLAGS=<unset> RUSTDOCFLAGS=<unset> TRYBUILD=<unset> INCIN_DOCS=<unset>
START: 2026-08-03T08:56:16+02:00
COMMIT: 2eb7fe7200b2bdfd713ef1c50419a182dc696e02
FULL OUTPUT: audit-evidence/FND-004/test-results/capability-matrix-wgpu-rerun.txt
END: 2026-08-03T08:56:17+02:00
EXIT CODE: 0

COMMAND: cargo test -p incin-backends --test generated_docs -- --nocapture
WORKING DIRECTORY: /home/xupremix/Projects/incin
FEATURES/ENVIRONMENT: RUSTFLAGS=<unset> RUSTDOCFLAGS=<unset> TRYBUILD=<unset> INCIN_DOCS=<unset>
START: 2026-08-03T08:56:28+02:00
COMMIT: 2eb7fe7200b2bdfd713ef1c50419a182dc696e02
FULL OUTPUT: audit-evidence/FND-004/test-results/generated-capability-docs-rerun.txt
END: 2026-08-03T08:56:28+02:00
EXIT CODE: 0

COMMAND: cargo test --workspace
WORKING DIRECTORY: /home/xupremix/Projects/incin
FEATURES/ENVIRONMENT: workspace default feature unification; RUSTFLAGS=<unset> RUSTDOCFLAGS=<unset> TRYBUILD=<unset> INCIN_DOCS=<unset>
START: 2026-08-03T08:56:28+02:00
COMMIT: 2eb7fe7200b2bdfd713ef1c50419a182dc696e02
FULL OUTPUT: audit-evidence/FND-004/test-results/workspace-tests-rerun.txt
END: 2026-08-03T08:57:03+02:00
EXIT CODE: 101

COMMAND: cargo test -p incin-backends --test generated_docs -- --nocapture
WORKING DIRECTORY: /home/xupremix/Projects/incin
FEATURES/ENVIRONMENT: RUSTFLAGS=<unset> RUSTDOCFLAGS=<unset> TRYBUILD=<unset> INCIN_DOCS=<unset>
START: 2026-08-03T09:02:24+02:00
COMMIT: 2eb7fe7200b2bdfd713ef1c50419a182dc696e02
FULL OUTPUT: audit-evidence/FND-004/test-results/generated-capability-docs-final2.txt
END: 2026-08-03T09:02:24+02:00
EXIT CODE: 0

COMMAND: cargo test -p incin-core
WORKING DIRECTORY: /home/xupremix/Projects/incin
FEATURES/ENVIRONMENT: package default features; RUSTFLAGS=<unset> RUSTDOCFLAGS=<unset> TRYBUILD=<unset>
START: 2026-08-03T09:02:24+02:00
COMMIT: 2eb7fe7200b2bdfd713ef1c50419a182dc696e02
FULL OUTPUT: audit-evidence/FND-004/test-results/core-package-tests-final.txt
END: 2026-08-03T09:03:09+02:00
EXIT CODE: 0

COMMAND: cargo test -p incin-backends --features cpu
WORKING DIRECTORY: /home/xupremix/Projects/incin
FEATURES/ENVIRONMENT: features=cpu; RUSTFLAGS=<unset> RUSTDOCFLAGS=<unset> TRYBUILD=<unset>
START: 2026-08-03T09:03:09+02:00
COMMIT: 2eb7fe7200b2bdfd713ef1c50419a182dc696e02
FULL OUTPUT: audit-evidence/FND-004/test-results/backends-cpu-tests-final.txt
END: 2026-08-03T09:03:13+02:00
EXIT CODE: 0

COMMAND: cargo test -p incin
WORKING DIRECTORY: /home/xupremix/Projects/incin
FEATURES/ENVIRONMENT: package default features; RUSTFLAGS=<unset> RUSTDOCFLAGS=<unset> TRYBUILD=<unset>
START: 2026-08-03T09:03:13+02:00
COMMIT: 2eb7fe7200b2bdfd713ef1c50419a182dc696e02
FULL OUTPUT: audit-evidence/FND-004/test-results/facade-package-tests-final.txt
END: 2026-08-03T09:03:34+02:00
EXIT CODE: 0

COMMAND: cargo test --doc --workspace
WORKING DIRECTORY: /home/xupremix/Projects/incin
FEATURES/ENVIRONMENT: workspace default feature unification; RUSTDOCFLAGS=<unset>
START: 2026-08-03T09:03:34+02:00
COMMIT: 2eb7fe7200b2bdfd713ef1c50419a182dc696e02
FULL OUTPUT: audit-evidence/FND-004/test-results/workspace-doctests-final.txt
END: 2026-08-03T09:04:10+02:00
EXIT CODE: 0

COMMAND: RUSTDOCFLAGS='-D warnings' cargo doc --workspace --no-deps
WORKING DIRECTORY: /home/xupremix/Projects/incin
FEATURES/ENVIRONMENT: RUSTDOCFLAGS='-D warnings'
START: 2026-08-03T09:04:10+02:00
COMMIT: 2eb7fe7200b2bdfd713ef1c50419a182dc696e02
FULL OUTPUT: audit-evidence/FND-004/test-results/rustdoc-warnings-final.txt
END: 2026-08-03T09:04:24+02:00
EXIT CODE: 0

COMMAND: cargo public-api -p incin
WORKING DIRECTORY: /home/xupremix/Projects/incin
FEATURES/ENVIRONMENT: package=incin; default features
START: 2026-08-03T09:04:24+02:00
COMMIT: 2eb7fe7200b2bdfd713ef1c50419a182dc696e02
FULL OUTPUT: audit-evidence/FND-004/test-results/public-api-final.txt
END: 2026-08-03T09:04:35+02:00
EXIT CODE: 0

COMMAND: cargo check -p incin-backends --no-default-features --features cuda
WORKING DIRECTORY: /home/xupremix/Projects/incin
FEATURES/ENVIRONMENT: no-default-features; features=cuda; compile only, no hardware execution
START: 2026-08-03T09:04:53+02:00
COMMIT: 2eb7fe7200b2bdfd713ef1c50419a182dc696e02
FULL OUTPUT: audit-evidence/FND-004/test-results/backend-cuda-check-final.txt
END: 2026-08-03T09:05:02+02:00
EXIT CODE: 0

COMMAND: cargo check -p incin-backends --no-default-features --features wgpu
WORKING DIRECTORY: /home/xupremix/Projects/incin
FEATURES/ENVIRONMENT: no-default-features; features=wgpu
START: 2026-08-03T09:05:02+02:00
COMMIT: 2eb7fe7200b2bdfd713ef1c50419a182dc696e02
FULL OUTPUT: audit-evidence/FND-004/test-results/backend-wgpu-check-final.txt
END: 2026-08-03T09:05:09+02:00
EXIT CODE: 0

COMMAND: cargo check -p incin-backends --no-default-features --features metal
WORKING DIRECTORY: /home/xupremix/Projects/incin
FEATURES/ENVIRONMENT: no-default-features; features=metal; compile only, non-Apple host
START: 2026-08-03T09:05:09+02:00
COMMIT: 2eb7fe7200b2bdfd713ef1c50419a182dc696e02
FULL OUTPUT: audit-evidence/FND-004/test-results/backend-metal-check-final.txt
END: 2026-08-03T09:05:16+02:00
EXIT CODE: 101

COMMAND: cargo check -p incin-backends --no-default-features --features external-candle
WORKING DIRECTORY: /home/xupremix/Projects/incin
FEATURES/ENVIRONMENT: no-default-features; features=external-candle
START: 2026-08-03T09:05:16+02:00
COMMIT: 2eb7fe7200b2bdfd713ef1c50419a182dc696e02
FULL OUTPUT: audit-evidence/FND-004/test-results/backend-candle-check-final.txt
END: 2026-08-03T09:05:23+02:00
EXIT CODE: 0

COMMAND: cargo check --workspace
WORKING DIRECTORY: /home/xupremix/Projects/incin
FEATURES/ENVIRONMENT: workspace default feature unification
START: 2026-08-03T09:05:23+02:00
COMMIT: 2eb7fe7200b2bdfd713ef1c50419a182dc696e02
FULL OUTPUT: audit-evidence/FND-004/test-results/workspace-check-final2.txt
END: 2026-08-03T09:05:23+02:00
EXIT CODE: 0

COMMAND: cargo clippy --workspace --all-targets -- -D warnings
WORKING DIRECTORY: /home/xupremix/Projects/incin
FEATURES/ENVIRONMENT: workspace default feature unification; lint level=-D warnings
START: 2026-08-03T09:05:23+02:00
COMMIT: 2eb7fe7200b2bdfd713ef1c50419a182dc696e02
FULL OUTPUT: audit-evidence/FND-004/test-results/clippy-workspace-final2.txt
END: 2026-08-03T09:05:33+02:00
EXIT CODE: 0
=== FND-004 acceptance gate (worktree-pre-commit, suffix=gate) at 2026-08-03T11:03:23+02:00 ===
commit: 2eb7fe7200b2bdfd713ef1c50419a182dc696e02

command: cargo fmt --all -- --check
  stage: worktree-pre-commit
  cwd: /home/xupremix/Projects/incin
  commit: 2eb7fe7200b2bdfd713ef1c50419a182dc696e02
  start: 2026-08-03T11:03:23+02:00
  end: 2026-08-03T11:03:25+02:00
  exit: 1
  output: audit-evidence/FND-004/test-results/fmt-workspace-gate.txt

command: cargo check -p incin-core --no-default-features
  stage: worktree-pre-commit
  cwd: /home/xupremix/Projects/incin
  commit: 2eb7fe7200b2bdfd713ef1c50419a182dc696e02
  start: 2026-08-03T11:03:25+02:00
  end: 2026-08-03T11:03:32+02:00
  exit: 0
  output: audit-evidence/FND-004/test-results/check-core-no-default-gate.txt

command: cargo check -p incin-core --no-default-features --features std
  stage: worktree-pre-commit
  cwd: /home/xupremix/Projects/incin
  commit: 2eb7fe7200b2bdfd713ef1c50419a182dc696e02
  start: 2026-08-03T11:03:32+02:00
  end: 2026-08-03T11:03:38+02:00
  exit: 0
  output: audit-evidence/FND-004/test-results/check-core-std-gate.txt

command: cargo check -p incin --no-default-features
  stage: worktree-pre-commit
  cwd: /home/xupremix/Projects/incin
  commit: 2eb7fe7200b2bdfd713ef1c50419a182dc696e02
  start: 2026-08-03T11:03:38+02:00
  end: 2026-08-03T11:03:47+02:00
  exit: 0
  output: audit-evidence/FND-004/test-results/check-facade-no-default-gate.txt

command: cargo check -p incin --no-default-features --features std
  stage: worktree-pre-commit
  cwd: /home/xupremix/Projects/incin
  commit: 2eb7fe7200b2bdfd713ef1c50419a182dc696e02
  start: 2026-08-03T11:03:47+02:00
  end: 2026-08-03T11:03:54+02:00
  exit: 0
  output: audit-evidence/FND-004/test-results/check-facade-std-gate.txt

command: cargo check -p incin --features cpu
  stage: worktree-pre-commit
  cwd: /home/xupremix/Projects/incin
  commit: 2eb7fe7200b2bdfd713ef1c50419a182dc696e02
  start: 2026-08-03T11:03:54+02:00
  end: 2026-08-03T11:03:56+02:00
  exit: 0
  output: audit-evidence/FND-004/test-results/check-facade-cpu-gate.txt

command: cargo check --workspace
  stage: worktree-pre-commit
  cwd: /home/xupremix/Projects/incin
  commit: 2eb7fe7200b2bdfd713ef1c50419a182dc696e02
  start: 2026-08-03T11:03:56+02:00
  end: 2026-08-03T11:04:00+02:00
  exit: 0
  output: audit-evidence/FND-004/test-results/check-workspace-gate.txt

command: cargo clippy --workspace --all-targets -- -D warnings
  stage: worktree-pre-commit
  cwd: /home/xupremix/Projects/incin
  commit: 2eb7fe7200b2bdfd713ef1c50419a182dc696e02
  start: 2026-08-03T11:04:00+02:00
  end: 2026-08-03T11:04:32+02:00
  exit: 0
  output: audit-evidence/FND-004/test-results/clippy-workspace-gate.txt

command: cargo test -p incin-core
  stage: worktree-pre-commit
  cwd: /home/xupremix/Projects/incin
  commit: 2eb7fe7200b2bdfd713ef1c50419a182dc696e02
  start: 2026-08-03T11:04:32+02:00
  end: 2026-08-03T11:05:19+02:00
  exit: 0
  output: audit-evidence/FND-004/test-results/test-core-gate.txt

command: cargo test -p incin-core --lib exec::
  stage: worktree-pre-commit
  cwd: /home/xupremix/Projects/incin
  commit: 2eb7fe7200b2bdfd713ef1c50419a182dc696e02
  start: 2026-08-03T11:05:19+02:00
  end: 2026-08-03T11:05:19+02:00
  exit: 0
  output: audit-evidence/FND-004/test-results/test-core-exec-gate.txt

command: cargo test -p incin-core --test generated_operation_semantics
  stage: worktree-pre-commit
  cwd: /home/xupremix/Projects/incin
  commit: 2eb7fe7200b2bdfd713ef1c50419a182dc696e02
  start: 2026-08-03T11:05:19+02:00
  end: 2026-08-03T11:05:19+02:00
  exit: 0
  output: audit-evidence/FND-004/test-results/test-generated-semantics-gate.txt

command: cargo test -p incin-core --test operation_inventory
  stage: worktree-pre-commit
  cwd: /home/xupremix/Projects/incin
  commit: 2eb7fe7200b2bdfd713ef1c50419a182dc696e02
  start: 2026-08-03T11:05:19+02:00
  end: 2026-08-03T11:05:19+02:00
  exit: 0
  output: audit-evidence/FND-004/test-results/test-operation-inventory-gate.txt

command: cargo test -p incin-core --test compile_tests
  stage: worktree-pre-commit
  cwd: /home/xupremix/Projects/incin
  commit: 2eb7fe7200b2bdfd713ef1c50419a182dc696e02
  start: 2026-08-03T11:05:19+02:00
  end: 2026-08-03T11:05:30+02:00
  exit: 0
  output: audit-evidence/FND-004/test-results/test-compile-contracts-gate.txt

command: cargo test -p incin-backends --features cpu
  stage: worktree-pre-commit
  cwd: /home/xupremix/Projects/incin
  commit: 2eb7fe7200b2bdfd713ef1c50419a182dc696e02
  start: 2026-08-03T11:05:30+02:00
  end: 2026-08-03T11:05:37+02:00
  exit: 0
  output: audit-evidence/FND-004/test-results/test-backends-cpu-gate.txt

command: cargo test -p incin-backends --features cpu --test capability_matrix
  stage: worktree-pre-commit
  cwd: /home/xupremix/Projects/incin
  commit: 2eb7fe7200b2bdfd713ef1c50419a182dc696e02
  start: 2026-08-03T11:05:37+02:00
  end: 2026-08-03T11:05:37+02:00
  exit: 0
  output: audit-evidence/FND-004/test-results/test-capability-matrix-gate.txt

command: cargo test -p incin-backends --test generated_docs
  stage: worktree-pre-commit
  cwd: /home/xupremix/Projects/incin
  commit: 2eb7fe7200b2bdfd713ef1c50419a182dc696e02
  start: 2026-08-03T11:05:37+02:00
  end: 2026-08-03T11:05:37+02:00
  exit: 0
  output: audit-evidence/FND-004/test-results/test-generated-docs-gate.txt

command: cargo test -p incin
  stage: worktree-pre-commit
  cwd: /home/xupremix/Projects/incin
  commit: 2eb7fe7200b2bdfd713ef1c50419a182dc696e02
  start: 2026-08-03T11:05:37+02:00
  end: 2026-08-03T11:06:20+02:00
  exit: 0
  output: audit-evidence/FND-004/test-results/test-facade-gate.txt

command: cargo test --workspace
  stage: worktree-pre-commit
  cwd: /home/xupremix/Projects/incin
  commit: 2eb7fe7200b2bdfd713ef1c50419a182dc696e02
  start: 2026-08-03T11:06:20+02:00
  end: 2026-08-03T11:07:12+02:00
  exit: 0
  output: audit-evidence/FND-004/test-results/test-workspace-gate.txt

command: cargo test --doc --workspace
  stage: worktree-pre-commit
  cwd: /home/xupremix/Projects/incin
  commit: 2eb7fe7200b2bdfd713ef1c50419a182dc696e02
  start: 2026-08-03T11:07:12+02:00
  end: 2026-08-03T11:07:56+02:00
  exit: 0
  output: audit-evidence/FND-004/test-results/test-doc-workspace-gate.txt

command: cargo check -p incin-backends --no-default-features --features cuda
  stage: worktree-pre-commit
  cwd: /home/xupremix/Projects/incin
  commit: 2eb7fe7200b2bdfd713ef1c50419a182dc696e02
  start: 2026-08-03T11:07:56+02:00
  end: 2026-08-03T11:07:56+02:00
  exit: 0
  output: audit-evidence/FND-004/test-results/check-backend-cuda-gate.txt

command: cargo check -p incin-backends --no-default-features --features wgpu
  stage: worktree-pre-commit
  cwd: /home/xupremix/Projects/incin
  commit: 2eb7fe7200b2bdfd713ef1c50419a182dc696e02
  start: 2026-08-03T11:07:56+02:00
  end: 2026-08-03T11:07:56+02:00
  exit: 0
  output: audit-evidence/FND-004/test-results/check-backend-wgpu-gate.txt

command: cargo check -p incin-backends --no-default-features --features metal
  stage: worktree-pre-commit
  cwd: /home/xupremix/Projects/incin
  commit: 2eb7fe7200b2bdfd713ef1c50419a182dc696e02
  start: 2026-08-03T11:07:56+02:00
  end: 2026-08-03T11:07:56+02:00
  exit: 0
  output: audit-evidence/FND-004/test-results/check-backend-metal-gate.txt

command: cargo check -p incin-backends --no-default-features --features external-candle
  stage: worktree-pre-commit
  cwd: /home/xupremix/Projects/incin
  commit: 2eb7fe7200b2bdfd713ef1c50419a182dc696e02
  start: 2026-08-03T11:07:56+02:00
  end: 2026-08-03T11:08:11+02:00
  exit: 0
  output: audit-evidence/FND-004/test-results/check-backend-candle-gate.txt

command: git diff --check
  stage: worktree-pre-commit
  cwd: /home/xupremix/Projects/incin
  commit: 2eb7fe7200b2bdfd713ef1c50419a182dc696e02
  start: 2026-08-03T11:08:11+02:00
  end: 2026-08-03T11:08:11+02:00
  exit: 0
  output: audit-evidence/FND-004/test-results/git-diff-check-gate.txt

=== FND-004 acceptance gate (committed, suffix=committed) at 2026-08-03T11:23:18+02:00 ===
commit: 93beef10b01ffba4f67d5ac08cb636922b8ff09c

command: cargo fmt --all -- --check
  stage: committed
  cwd: /home/xupremix/Projects/incin
  commit: 93beef10b01ffba4f67d5ac08cb636922b8ff09c
  start: 2026-08-03T11:23:18+02:00
  end: 2026-08-03T11:23:19+02:00
  exit: 1
  output: audit-evidence/FND-004/test-results/fmt-workspace-committed.txt

command: cargo check -p incin-core --no-default-features
  stage: committed
  cwd: /home/xupremix/Projects/incin
  commit: 93beef10b01ffba4f67d5ac08cb636922b8ff09c
  start: 2026-08-03T11:23:19+02:00
  end: 2026-08-03T11:23:21+02:00
  exit: 0
  output: audit-evidence/FND-004/test-results/check-core-no-default-committed.txt

command: cargo check -p incin-core --no-default-features --features std
  stage: committed
  cwd: /home/xupremix/Projects/incin
  commit: 93beef10b01ffba4f67d5ac08cb636922b8ff09c
  start: 2026-08-03T11:23:21+02:00
  end: 2026-08-03T11:23:24+02:00
  exit: 0
  output: audit-evidence/FND-004/test-results/check-core-std-committed.txt

command: cargo check -p incin --no-default-features
  stage: committed
  cwd: /home/xupremix/Projects/incin
  commit: 93beef10b01ffba4f67d5ac08cb636922b8ff09c
  start: 2026-08-03T11:23:24+02:00
  end: 2026-08-03T11:23:26+02:00
  exit: 0
  output: audit-evidence/FND-004/test-results/check-facade-no-default-committed.txt

command: cargo check -p incin --no-default-features --features std
  stage: committed
  cwd: /home/xupremix/Projects/incin
  commit: 93beef10b01ffba4f67d5ac08cb636922b8ff09c
  start: 2026-08-03T11:23:26+02:00
  end: 2026-08-03T11:23:29+02:00
  exit: 0
  output: audit-evidence/FND-004/test-results/check-facade-std-committed.txt

command: cargo check -p incin --features cpu
  stage: committed
  cwd: /home/xupremix/Projects/incin
  commit: 93beef10b01ffba4f67d5ac08cb636922b8ff09c
  start: 2026-08-03T11:23:29+02:00
  end: 2026-08-03T11:23:30+02:00
  exit: 0
  output: audit-evidence/FND-004/test-results/check-facade-cpu-committed.txt

command: cargo check --workspace
  stage: committed
  cwd: /home/xupremix/Projects/incin
  commit: 93beef10b01ffba4f67d5ac08cb636922b8ff09c
  start: 2026-08-03T11:23:30+02:00
  end: 2026-08-03T11:23:34+02:00
  exit: 0
  output: audit-evidence/FND-004/test-results/check-workspace-committed.txt

command: cargo clippy --workspace --all-targets -- -D warnings
  stage: committed
  cwd: /home/xupremix/Projects/incin
  commit: 93beef10b01ffba4f67d5ac08cb636922b8ff09c
  start: 2026-08-03T11:23:34+02:00
  end: 2026-08-03T11:23:35+02:00
  exit: 0
  output: audit-evidence/FND-004/test-results/clippy-workspace-committed.txt

command: cargo test -p incin-core
  stage: committed
  cwd: /home/xupremix/Projects/incin
  commit: 93beef10b01ffba4f67d5ac08cb636922b8ff09c
  start: 2026-08-03T11:23:35+02:00
  end: 2026-08-03T11:24:21+02:00
  exit: 0
  output: audit-evidence/FND-004/test-results/test-core-committed.txt

command: cargo test -p incin-core --lib exec::
  stage: committed
  cwd: /home/xupremix/Projects/incin
  commit: 93beef10b01ffba4f67d5ac08cb636922b8ff09c
  start: 2026-08-03T11:24:21+02:00
  end: 2026-08-03T11:24:22+02:00
  exit: 0
  output: audit-evidence/FND-004/test-results/test-core-exec-committed.txt

command: cargo test -p incin-core --test generated_operation_semantics
  stage: committed
  cwd: /home/xupremix/Projects/incin
  commit: 93beef10b01ffba4f67d5ac08cb636922b8ff09c
  start: 2026-08-03T11:24:22+02:00
  end: 2026-08-03T11:24:22+02:00
  exit: 0
  output: audit-evidence/FND-004/test-results/test-generated-semantics-committed.txt

command: cargo test -p incin-core --test operation_inventory
  stage: committed
  cwd: /home/xupremix/Projects/incin
  commit: 93beef10b01ffba4f67d5ac08cb636922b8ff09c
  start: 2026-08-03T11:24:22+02:00
  end: 2026-08-03T11:24:22+02:00
  exit: 0
  output: audit-evidence/FND-004/test-results/test-operation-inventory-committed.txt

command: cargo test -p incin-core --test compile_tests
  stage: committed
  cwd: /home/xupremix/Projects/incin
  commit: 93beef10b01ffba4f67d5ac08cb636922b8ff09c
  start: 2026-08-03T11:24:22+02:00
  end: 2026-08-03T11:24:33+02:00
  exit: 0
  output: audit-evidence/FND-004/test-results/test-compile-contracts-committed.txt

command: cargo test -p incin-backends --features cpu
  stage: committed
  cwd: /home/xupremix/Projects/incin
  commit: 93beef10b01ffba4f67d5ac08cb636922b8ff09c
  start: 2026-08-03T11:24:33+02:00
  end: 2026-08-03T11:24:38+02:00
  exit: 0
  output: audit-evidence/FND-004/test-results/test-backends-cpu-committed.txt

command: cargo test -p incin-backends --features cpu --test capability_matrix
  stage: committed
  cwd: /home/xupremix/Projects/incin
  commit: 93beef10b01ffba4f67d5ac08cb636922b8ff09c
  start: 2026-08-03T11:24:38+02:00
  end: 2026-08-03T11:24:38+02:00
  exit: 0
  output: audit-evidence/FND-004/test-results/test-capability-matrix-committed.txt

command: cargo test -p incin-backends --test generated_docs
  stage: committed
  cwd: /home/xupremix/Projects/incin
  commit: 93beef10b01ffba4f67d5ac08cb636922b8ff09c
  start: 2026-08-03T11:24:38+02:00
  end: 2026-08-03T11:24:39+02:00
  exit: 0
  output: audit-evidence/FND-004/test-results/test-generated-docs-committed.txt

command: cargo test -p incin
  stage: committed
  cwd: /home/xupremix/Projects/incin
  commit: 93beef10b01ffba4f67d5ac08cb636922b8ff09c
  start: 2026-08-03T11:24:39+02:00
  end: 2026-08-03T11:24:57+02:00
  exit: 0
  output: audit-evidence/FND-004/test-results/test-facade-committed.txt

command: cargo test --workspace
  stage: committed
  cwd: /home/xupremix/Projects/incin
  commit: 93beef10b01ffba4f67d5ac08cb636922b8ff09c
  start: 2026-08-03T11:24:57+02:00
  end: 2026-08-03T11:25:48+02:00
  exit: 0
  output: audit-evidence/FND-004/test-results/test-workspace-committed.txt

command: cargo test --doc --workspace
  stage: committed
  cwd: /home/xupremix/Projects/incin
  commit: 93beef10b01ffba4f67d5ac08cb636922b8ff09c
  start: 2026-08-03T11:25:48+02:00
  end: 2026-08-03T11:26:08+02:00
  exit: 0
  output: audit-evidence/FND-004/test-results/test-doc-workspace-committed.txt

command: cargo check -p incin-backends --no-default-features --features cuda
  stage: committed
  cwd: /home/xupremix/Projects/incin
  commit: 93beef10b01ffba4f67d5ac08cb636922b8ff09c
  start: 2026-08-03T11:26:08+02:00
  end: 2026-08-03T11:26:11+02:00
  exit: 0
  output: audit-evidence/FND-004/test-results/check-backend-cuda-committed.txt

command: cargo check -p incin-backends --no-default-features --features wgpu
  stage: committed
  cwd: /home/xupremix/Projects/incin
  commit: 93beef10b01ffba4f67d5ac08cb636922b8ff09c
  start: 2026-08-03T11:26:11+02:00
  end: 2026-08-03T11:26:14+02:00
  exit: 0
  output: audit-evidence/FND-004/test-results/check-backend-wgpu-committed.txt

command: cargo check -p incin-backends --no-default-features --features metal
  stage: committed
  cwd: /home/xupremix/Projects/incin
  commit: 93beef10b01ffba4f67d5ac08cb636922b8ff09c
  start: 2026-08-03T11:26:14+02:00
  end: 2026-08-03T11:26:17+02:00
  exit: 0
  output: audit-evidence/FND-004/test-results/check-backend-metal-committed.txt

command: cargo check -p incin-backends --no-default-features --features external-candle
  stage: committed
  cwd: /home/xupremix/Projects/incin
  commit: 93beef10b01ffba4f67d5ac08cb636922b8ff09c
  start: 2026-08-03T11:26:17+02:00
  end: 2026-08-03T11:26:19+02:00
  exit: 0
  output: audit-evidence/FND-004/test-results/check-backend-candle-committed.txt

command: git diff --check
  stage: committed
  cwd: /home/xupremix/Projects/incin
  commit: 93beef10b01ffba4f67d5ac08cb636922b8ff09c
  start: 2026-08-03T11:26:19+02:00
  end: 2026-08-03T11:26:19+02:00
  exit: 0
  output: audit-evidence/FND-004/test-results/git-diff-check-committed.txt

command: RUSTDOCFLAGS='-D warnings' cargo doc --workspace --no-deps
  stage: committed
  commit: 93beef10b01ffba4f67d5ac08cb636922b8ff09c
  exit: 0
  output: audit-evidence/FND-004/test-results/rustdoc-committed.txt

